▲ Next.js 16.3.3 (Turbopack)
✓ Running next.config.ts took 108ms

⚠ The "middleware" file convention is deprecated. Please use "proxy" instead.

  To migrate automatically, run:
  npx @next/codemod@canary middleware-to-proxy .

  Learn more: https://nextjs.org/docs/messages/middleware-to-proxy
  Creating an optimized production build ...
✓ Compiled successfully in 954ms
  Running TypeScript ...
  Finished TypeScript in 1515ms ...
  Collecting page data using 11 workers ...
  Generating static pages using 11 workers (0/18) ...
  Generating static pages using 11 workers (4/18) 
  Generating static pages using 11 workers (8/18) 
  Generating static pages using 11 workers (13/18) 
✓ Generating static pages using 11 workers (18/18) in 159ms
  Finalizing page optimization ...

Route (app)                                                Revalidate  Expire
┌ ○ /
├ ○ /_not-found
├ ƒ /account
├ ƒ /account/ai-billing
├ ƒ /account/company-portal
├ ƒ /account/installations
├ ƒ /account/invoices
├ ƒ /account/limits
├ ƒ /account/rates
├ ƒ /account/remote-approvers
├ ƒ /account/remote-work
├ ƒ /account/support
├ ○ /account/usage
├ ○ /admin
├ ○ /admin/margin
├ ○ /admin/offices
├ ƒ /api/account/ai-billing
├ ƒ /api/account/ai-billing/analytics
├ ƒ /api/account/ai-billing/checkout
├ ƒ /api/account/ai-billing/invoices/[id]
├ ƒ /api/account/ai-billing/usage-summary
├ ƒ /api/account/company-portal
├ ƒ /api/account/installation-commands
├ ƒ /api/account/installation-commands/[id]/cancel
├ ƒ /api/account/installation-commands/grants/[id]/revoke
├ ƒ /api/account/installations
├ ƒ /api/account/installations/link-requests/approve
├ ƒ /api/account/installations/link-requests/decline
├ ƒ /api/account/invoices
├ ƒ /api/account/invoices/[id]
├ ƒ /api/account/limits
├ ƒ /api/account/person
├ ƒ /api/account/rates
├ ƒ /api/account/remote-approvers
├ ƒ /api/account/remote-approvers/accept
├ ƒ /api/account/remote-approvers/revoke
├ ƒ /api/account/remote-work
├ ƒ /api/account/remote-work/[operation]
├ ƒ /api/account/usage
├ ƒ /api/admin/margin
├ ƒ /api/admin/offices
├ ƒ /api/auth/logout
├ ƒ /api/auth/request
├ ƒ /api/company-portal/redeem
├ ƒ /api/installations/command-grants
├ ƒ /api/installations/commands/ack
├ ƒ /api/installations/commands/claim
├ ƒ /api/installations/commands/poll
├ ƒ /api/installations/link-requests
├ ƒ /api/installations/link-requests/cancel
├ ƒ /api/installations/link-requests/status
├ ƒ /api/installations/redeem
├ ƒ /api/installations/report
├ ƒ /api/installations/usage
├ ƒ /api/installations/v2/command-grants
├ ƒ /api/installations/v2/command-grants/cancel
├ ƒ /api/installations/v2/remote-approvers/[operation]
├ ƒ /api/installations/v2/work/[operation]
├ ƒ /api/pilot
├ ƒ /auth/callback
├ ○ /download                                                      5m      1y
├ ƒ /link/[approvalId]
├ ○ /privacy
├ ○ /robots.txt
├ ƒ /sign-in/[[...sign-in]]
├ ƒ /sign-up/[[...sign-up]]
├ ○ /sitemap.xml
└ ○ /start


ƒ Proxy (Middleware)

○  (Static)   prerendered as static content
ƒ  (Dynamic)  server-rendered on demand

