✔ projects the signed-in office contract, its digest and only acceptance status (5.046417ms)
✔ wrong tenant, month, digest or acceptance cannot become an offer (0.754125ms)
✔ GET is private, same-tenant, read-only for billing readers and hides private upstream fields (175.486042ms)
✔ origin, session, role and company changes fail before terms or acceptance access (19.880291ms)
✔ POST rejects stale, oversized, malformed and extra-field browser quotes before mutation (5.9915ms)
✔ POST rechecks the current quote and verifies persisted acceptance before success (5.648292ms)
✔ changed quote, mismatched tenant, oversized response and unverified write never show acceptance (50.031708ms)
✔ only the gateway's exact missing-terms code becomes a not-yet-issued month (0.451417ms)
✔ internal owner use shows no offer or acceptance, while unknown gateway 403 stays generic (11.09925ms)
✔ mapping issue and redeem hash the pre-saved handle and bind exact target and response (191.059375ms)
✔ browser identity, purpose and extra fields cannot decorate mapping input (0.630791ms)
✔ unmatched, extended or malformed backend receipts cannot become identity evidence (68.814416ms)
✔ denials are bounded and private; unavailable responses never leak diagnostics (8.214417ms)
✔ dedicated installed SDK sends only service credentials to fixed allowed HTTPS RPCs (63.776709ms)
✔ SDK response stream is bounded independently of content length and closes failed reads (6.972875ms)
✔ SDK deadline includes stalled response bodies and does not depend on fetch honoring abort (47.630083ms)
✔ every website config failure names its own fix (1.153583ms)
✔ operator secret check: present, 32+ characters and different from the portal secret (0.211125ms)
✔ every migration file has a schema probe, in filename order (3.892208ms)
✔ schema check reports the first missing migration by filename and its customer-facing effect (0.527417ms)
✔ Modelvia check: pass, 401, client-id mismatch, redirect/timeout and not configured (29.958125ms)
✔ gateway check detects a REALBUD_GATEWAY_URL that points at Modelvia (0.46275ms)
✔ gateway check names the setting the gateway says is missing (0.904583ms)
✔ office checks: derived default, not found, inactive, zero cap and healthy, with one customer-list call (5.989917ms)
✔ no secret value appears in any result string, whatever the upstream echoes (8.002709ms)
✔ environment reads the shared Modelvia settings plus only the readiness extras (0.136292ms)
✔ persists an enquiry with a receipt, never contact data in the response (152.1985ms)
✔ simultaneous and lost-response retries save one record and return the same receipt (100.690667ms)
✔ invalid, cross-origin, bot and oversized requests never reach storage (52.710125ms)
✔ database outages do not acknowledge receipt or leak errors (23.504625ms)
✔ bounds abuse atomically while permitting an existing receipt to be retried (40.32675ms)
✔ SQL-shaped text remains data, with no public record retrieval (38.805ms)
✔ www origin may post to the apex API (16.562333ms)
✔ missing, malformed or equal origins fail before any network or bearer (12.968083ms)
✔ a Modelvia alias cannot receive a RealBud portal request or bearer (0.811625ms)
✔ a verified RealBud service serves portal reads and shares a short identity proof (0.722125ms)
✔ parallel portal reads share one health probe, and a changed origin needs its own proof (3.854709ms)
✔ an unavailable identity is retried, and a mutation waits for service proof (3.195083ms)
✔ redirects, oversized health bodies and off-origin paths cannot authorize a portal call (1.335375ms)
✔ pairing credentials are random, bounded and validated (5.173042ms)
✔ reports require explicit readiness and bounded version text (0.10775ms)
✔ old, missing and future check-ins never establish current readiness (4.774709ms)
✔ approval ids and display codes match the shared contract (1.057458ms)
✔ the approval URL is built on the configured origin and nothing else (7.169875ms)
✔ sign-in may return only to an approval page (0.163791ms)
✔ the desktop's status answer is wrapped and validated against the contract (0.512875ms)
✔ a decision body names the approval id and nothing else (0.088459ms)
✔ the page view accepts only the SQL view shape (0.117208ms)
✔ errors are fixed sentences, never a raw database message (0.188417ms)
✔ the gateway envelope is validated with and without first-call secrets (7.101166ms)
✔ a first redeem provisions once and records identifiers, never secrets (1.786ms)
✔ a failed authoritative record does not deliver secrets and attempts gateway cleanup (0.654417ms)
✔ a replayed gateway descriptor without one-time keys cannot make the portal appear provisioned (0.2615ms)
✔ a second or unavailable SQL claim cannot dispatch another one-time mint (0.184375ms)
✔ a setup refusal gives the claim back, so the next check-in after setup provisions exactly once (220.237125ms)
✔ an uncertain outcome keeps the claim spent: no release, the next check-in needs review (0.34325ms)
✔ a release that fails or is missing keeps today's behaviour and never throws (1.963667ms)
✔ an unreachable or unconfigured gateway degrades honestly (0.145208ms)
✔ an office with no Modelvia customer is skipped, not attempted (8.274208ms)
✔ installation usage is this office's totals and nothing else (7.395542ms)
✔ a gateway answering for another office provisions nothing (0.2855ms)
✔ revoking asks the gateway and clears the owed cleanup only on confirmation (0.872458ms)
✔ a lost redeem response is recovered: the replay gets fresh keys, the lost key is revoked, no second claim (28.627625ms)
✔ concurrent redeliveries rotate once; a reply for another installation or office is never passed on (44.844584ms)
✔ a report asks for redelivery only with an explicit boolean (0.219625ms)
✔ identifiers are derived from the descriptor without inventing a project (0.034833ms)
✔ the real transport is bounded, authenticated and refuses anything else (73.130917ms)
✔ an unprovisioned computer cannot appear AI-ready from a healthy or stale worker report (1.21ms)
✔ a linked computer without a first report still shows unconfirmed AI setup (0.248292ms)
✔ an attempted setup with no recorded grant needs review instead of another check-in (0.685ms)
✔ a recorded grant does not claim a successful serving request (0.350792ms)
✔ revocation states take precedence over a missing AI grant (0.22625ms)
✔ disconnect confirmation distinguishes website revoke from gateway cleanup and lost status (0.153375ms)
✔ missing computer-link schema is a setup state, not an empty inventory or generic outage (0.467375ms)
✔ invoice payment: every state the review listed gives a button or its own reason (3.219458ms)
✔ invoice payment: no combination leaves an unpaid invoice with money owing unexplained (23.057083ms)
✔ invoice payment: row copy names the real next step without codes (0.355541ms)
✔ /api/account/usage with a missing session returns a private uncached 401 (6.319666ms)
✔ /api/admin/offices with a missing session returns a private uncached 401 (6.591875ms)
✔ /account/ai-billing?period=2026-09 with a missing session redirects privately to sign-in (0.732167ms)
✔ /admin?tab=offices with a missing session redirects privately to sign-in (0.28375ms)
✔ /api/account/usage with a malformed session returns a private uncached 401 (0.389541ms)
✔ /api/admin/offices with a malformed session returns a private uncached 401 (0.333375ms)
✔ /account/ai-billing?period=2026-09 with a malformed session redirects privately to sign-in (0.239459ms)
✔ /admin?tab=offices with a malformed session redirects privately to sign-in (0.158084ms)
✔ /api/account/usage with a expired session returns a private uncached 401 (14.088542ms)
✔ /api/admin/offices with a expired session returns a private uncached 401 (11.408042ms)
✔ /account/ai-billing?period=2026-09 with a expired session redirects privately to sign-in (8.298125ms)
✔ /admin?tab=offices with a expired session redirects privately to sign-in (10.622ms)
✔ /api/account/usage with a tampered session returns a private uncached 401 (36.465416ms)
✔ /api/admin/offices with a tampered session returns a private uncached 401 (34.395958ms)
✔ /account/ai-billing?period=2026-09 with a tampered session redirects privately to sign-in (8.061042ms)
✔ /admin?tab=offices with a tampered session redirects privately to sign-in (12.821208ms)
✔ valid legacy sessions pass through to existing route authorization (22.089209ms)
✔ valid person sessions pass through to existing route authorization (8.352375ms)
✔ unconfigured authentication keeps both hidden admin 404s private and uncached (0.381833ms)
✔ unconfigured authentication preserves account route pass-through (0.129708ms)
✔ public paths retain their cache behavior with authentication unset (0.134208ms)
✔ canonical public redirect retains its cache behavior with authentication unset (0.127584ms)
✔ public paths retain their cache behavior with authentication configured (0.400834ms)
✔ canonical public redirect retains its cache behavior with authentication configured (0.232625ms)
﹣ operator token: signed here, verified by the gateway operator-token.ts (0.340334ms) # the gateway source (../root/managed-gateway) is not beside this website checkout
✔ AUD amounts: A$1 to A$10,000, whole dollars or cents, to nanoAUD (7.477125ms)
✔ browser input: exactly {companyId, access}; custom is an AUD amount, never nanoAUD (6.04625ms)
✔ current access reads as Default, Custom, Off or Not set up yet (54.055833ms)
✔ Offices page rows: one customer-list read, no customer id, blocked offices say why (24.369917ms)
✔ route: operator gate, origin and body are checked before any gateway call (9.505084ms)
✔ route: sends exactly {companyId, customerId, name, access} under a gateway-verifiable bearer (2.792625ms)
✔ route: gateway refusals become one plain operator line; nothing upstream is echoed (1.257375ms)
✔ receipt exists synchronously before checkout and survives a fresh reader (25.35125ms)
✔ same-turn repeated attempts refuse instead of dispatching or replacing original intent (0.291542ms)
✔ company and invoice scopes remain independent (0.089667ms)
✔ eligible stale GETs, missing invoices and cancellation strings never release a pre-claim hold (0.170833ms)
✔ only authoritative paid true retires the matching invoice receipt (0.077708ms)
✔ failed or silently discarded writes prevent dispatch (4.644084ms)
✔ unreadable, malformed and cross-company receipts fail closed (0.194916ms)
✔ failed terminal receipt update never silently clears the persisted hold (0.102ms)
✔ billing readers use the server mapping and only approved filters are forwarded (41.445584ms)
✔ forged customer, role, client and duplicate filters cannot change account authority (13.8455ms)
✔ unlinked customers, missing configuration and insecure remote URLs refuse before transport (2.1015ms)
✔ wrong upstream customer, role and period cannot masquerade as scoped analytics (0.731917ms)
✔ empty query defaults to Brisbane month and upstream errors never forward private diagnostics (1.216666ms)
✔ decimal formatting keeps exact large amounts and token counts without floating point (36.686166ms)
✔ missing agreed resale price stays unknown instead of exposing a wholesale amount (2.739875ms)
✔ the overview and the AI billing heading share one net AI usage figure from the platform billing view (0.122917ms)
✔ billing GET preserves optional legacy reads and matched expectations without changing account authority (67.218791ms)
✔ a cross-tab cookie change refuses stale page billing before exposing the new company invoice (0.612417ms)
✔ checkout requires a single exact expected company before body consumption, preflight or dispatch (1.075042ms)
✔ cookie change between a valid GET and checkout cannot use old page authority (0.886083ms)
✔ expectation does not bypass origin, sign-in, reader role or exact request body gates (1.686375ms)
✔ matched GET expectations preserve period and scope filter rejection before upstream access (0.317583ms)
✔ platform customer comes from server mapping, never a browser-supplied ID (1.074917ms)
✔ billing and checkout preserve trusted customer scope and read-only roles (23.037084ms)
✔ billing checks the returned customer and projects exact money without supplier fields or headers (1.798375ms)
✔ billing and document errors redact upstream diagnostics and invalid roles never call the gateway (2.738625ms)
✔ oversized or invalid upstream billing bodies fail closed without being forwarded (30.247792ms)
✔ binding: explicit entry wins, otherwise realbud-<companyId>, never a derived id another office holds (0.554666ms)
✔ checkout exposes only admitted Square sandbox destinations without forwarding upstream fields (7.961333ms)
✔ missing mapping and insecure remote endpoints refuse without making a request (0.309833ms)
✔ invoice documents use the authenticated account mapping and remain available to billing readers (3.530541ms)
✔ documents reject traversal, external invoice URLs and missing mappings before fetch (0.357208ms)
✔ upstream cross-customer rejection remains a private error and JSON cannot masquerade as an invoice (4.649833ms)
✔ live billing and checkout admit only production Square destinations, preserving customer scope (0.945167ms)
✔ the surface the client chose is forwarded, defaulted and validated, with an https-only portal link (0.954458ms)
✔ the routes' environment carries PLATFORM_PORTAL_URL, so the portal link renders (1.308042ms)
✔ a revoked integration key or inactive Modelvia account is a billing outage, never the customer's sign-in or permission (7.930541ms)
✔ Modelvia checkout refusals keep their own code for accurate copy (1.170792ms)
✔ mapping: duplicate companies are refused, not last-wins; a missing company never matches (0.282708ms)
✔ safe invoice document: sandboxed, unframed, unsniffed, uncached, no upstream headers, HTML only (0.914625ms)
✔ a sandbox payment mode never reaches a production build as a notice or a checkout (0.09ms)
✔ provider direct instructions stay on eligible issued retail invoices and name their seller (0.6285ms)
✔ direct offer fails closed for disabled, stale, paid, nonpositive, nonretail or incomplete invoice state (15.507208ms)
✔ legacy billing defaults to Square on the client app without inventing seller or payment permission (0.521375ms)
✔ customer payment projection strips supplier, merchant credentials and provider-only settings (0.151833ms)
✔ production checkout refuses sandbox and unavailable invoice policy before a link is created (0.748625ms)
✔ billing period is exact, forwarded and checked without allowing customer scope selectors (3.469708ms)
✔ checkout body rejects scope, seller, amount, invalid JSON and chunked oversized data before transport (8.667291ms)
✔ actual billing routes enforce origin, session, reader role, exact body and production payment policy (7.646458ms)
✔ guard: a second analytics read within 15 s is served from the private cache without calling Modelvia (27.963292ms)
✔ guard: cached analytics expires after 15 s and the next read goes upstream (3.747542ms)
✔ guard: cache and rate limit are per company; one office never sees or spends another office's (1.819417ms)
✔ guard: past 30 calls a minute a company is answered 429 with Retry-After before Modelvia is called (29.532417ms)
✔ guard: validation, role and mapping refusals spend nothing; billing errors consume the shared allowance (10.228875ms)
✔ guard: billing reads each requested month afresh and checkout rechecks current policy (5.089416ms)
✔ guard: an old GET finishing after checkout cannot supply stale payment eligibility to a later reader (2.497917ms)
✔ guard: usage summary shares company limits with billing and caches only its own month and office (7.882542ms)
✔ route /api/account/ai-billing: its own environment carries the portal URL to the page (35.7655ms)
✔ analytics route hides a stale office before any Modelvia read (1.759708ms)
✔ routes: no Modelvia caller assembles its own environment; all use platformEnvironment() and the shared guard (52.716375ms)
✔ routes: upstream 401/403 (revoked key, inactive account) reaches the customer as 503, not as their sign-in (11.583875ms)
✔ routes: origin refusals are private and uncached; checkout answers are nosniff (5.880208ms)
✔ route /api/account/invoices/[id]: the tax invoice is served like the AI billing document (5.379958ms)
✔ route /api/account/invoices/[id] checkout: only a Square link leaves the server (4.037833ms)
✔ route /api/account/ai-billing/commercial-terms: a RealBud gateway that is not set up is reported as setup, not as an outage (6.46975ms)
✔ route /api/account/invoices/[id] checkout: a billing reader is refused before the gateway is asked (0.132ms)
✔ routes share one per-company budget: fresh billing reads, then 429 before Modelvia (2.32825ms)
✔ routes: the older gateway AI billing routes are gone and point at AI usage & billing, whoever asks (6.474209ms)
✔ account usage handler refuses foreign origin and unauthenticated sessions before upstream access (62.703167ms)
✔ account usage handler binds a reader to their current office and ignores no forged scope (9.559375ms)
✔ installation usage handler authenticates the installation hash and returns the real desktop wire with reported limits (3.707125ms)
✔ installation invalid credentials, revoked identity and scope injection cannot reach another usage account (36.347959ms)
✔ recorded usage is mapped by authenticated office, projected exactly and accepted by the real desktop parser (110.889916ms)
✔ unknown customer net and missing authoritative limits remain null, while recorded non-invoicing usage remains visible (6.175625ms)
✔ authority and arbitrary or duplicate query fields cannot select another customer (16.837917ms)
✔ usage names only local setup gaps; upstream and transport errors stay private (0.287875ms)
✔ period defaults to Brisbane accounting month and an explicit desktop month is never relabelled (0.464625ms)
✔ malformed, partial, imprecise or different-month responses fail without fabricating figures (2.99125ms)
✔ bounded responses and failures never leak supplier diagnostics or present oversized totals as zero (4.139334ms)
✔ no message exposes a status code, a raw code or a shrug (3.926833ms)
✔ every message says what to do next (3.477541ms)
✔ an unfinished request reads as unreachable, not as a fault of the account (3.880375ms)
✔ blocked states are not offered a retry (0.311375ms)
✔ only a known local setup code may collapse all billing sections (0.642916ms)
✔ an unknown upstream code never reaches the page (0.119333ms)
✔ the subject is named so the reader knows what is missing (0.264917ms)
✔ Modelvia checkout refusals get their own copy, not "something changed, reload" (0.378542ms)
✔ person RPC validates exact authoritative shape and safe fields (1.933459ms)
✔ trusted issuer comes from deployment config with no path or browser data (0.430833ms)
✔ login sends verified provider identity and rejects remapped backend output (1.878208ms)
✔ unprovisioned identity is distinguished only by the exact trusted RPC error (0.611042ms)
✔ person gate rejects legacy, expired, future and different issuer without any RPC (28.676209ms)
✔ every person gate refreshes current identity and observes revocation, roles and epoch (3.242917ms)
✔ service-only login RPC uses a separate admin client after OTP changes the SDK session (38.833291ms)
✔ fresh enrollment actor comes only from valid cookie and current identity; old sessions can only list/revoke (136.284584ms)
✔ accept hashes the code and forwards only server-derived actor; authority fields in browser body reject (1.184333ms)
✔ committed challenge denial is bounded403 and arbitrary backend diagnostics never escape (0.509125ms)
✔ parent enrollment separates report/command tokens and rejects remapped or unverified receipts (0.648375ms)
✔ desktop status and confirmation cannot adopt another enrollment, candidate, or parent (0.546666ms)
✔ personal lists/revocations exclude other actors, agencies, malformed entries and duplicate IDs (7.255584ms)
✔ clock sampling authenticates the exact v2 parent and rejects decorated or invalid server time (0.317083ms)
✔ pending parent cancellation uses reporting authority and exact revoked receipt without exposing command token (28.663334ms)
✔ work upload counts streamed UTF-8 bytes and cancels oversized bodies regardless of declared size (147.955958ms)
✔ work failures bound backend diagnostics and keep no-store on all known denials (3.56175ms)
✔ submit forwards a server actor and stable request ID, rejecting forged fields and remapped receipts (6.256666ms)
✔ review upload verifies both complete canonical digests before RPC and verifies exact returned projection (10.808625ms)
✔ explicit review read checks audience, digest, target and pruned null contract (8.237625ms)
✔ decision requires exact winning ID, choice, review CAS and current actor, including replay (0.452333ms)
✔ desktop claim binds all execution identifiers and browser cannot call installation operations (1.500625ms)
✔ person cancellation is requester-bound while desktop cancel uses the separate token RPC (1.104625ms)
✔ session round-trip and rejects tampering (79.569958ms)
✔ person cookie preserves stable binding and seven day authentication age (56.323166ms)
✔ signed but malformed or downgraded person cookies fail closed (117.450459ms)
✔ site: local development origins are admitted only outside production (1.508417ms)
✔ site: an origin refusal is private and never cached (36.517833ms)
✔ spend cap: exactly zero reads as not enabled, never as an A$0.00 cap (2.340917ms)
✔ spend cap: a positive cap shows the cap and any reported headroom (20.533208ms)
✔ spend cap: a missing or malformed cap is unreported, not zero (0.122542ms)
✔ billing pages read Modelvia for AI: the RealBud gateway serves only care terms and service invoices (10.609041ms)
✔ square checkout: only exact Square hosts on https, for the stated mode (1.792583ms)
✔ square checkout: the browser Pay path uses the shared allow-list, not its own (3.941458ms)
✔ persisted filters keep one safe Brisbane month and cannot choose account scope (3.343292ms)
✔ only two typed operations and reviewed bounded metadata are publishable (1.669417ms)
✔ immutable envelopes have exact identity, explicit expiry and no source content (0.279917ms)
✔ claim and event schemas reject actor, credential and execution argument substitution (0.900917ms)
✔ safe integer cursors and exact submit schemas (0.222583ms)
✔ canonical serialization is key-order independent and preserves meaningful content (0.182375ms)
✔ request bodies are bounded independently of Content-Length including chunked input (22.384709ms)
✔ bearer parsing hashes only exact private tokens and public errors never reflect database text (1.204333ms)
✔ status parser disallows freeform result payloads (0.091ms)
✔ account history target labels remain bounded metadata with exact opaque identities (0.174458ms)
ℹ tests 240
ℹ suites 0
ℹ pass 239
ℹ fail 0
ℹ cancelled 0
ℹ skipped 1
ℹ todo 0
ℹ duration_ms 3672.951625
exit 0
