✔ projects the signed-in office contract, its digest and only acceptance status (4.367375ms)
✔ wrong tenant, month, digest or acceptance cannot become an offer (2.64875ms)
✔ GET is private, same-tenant, read-only for billing readers and hides private upstream fields (184.692334ms)
✔ origin, session, role and company changes fail before terms or acceptance access (2.4125ms)
✔ POST rejects stale, oversized, malformed and extra-field browser quotes before mutation (4.657208ms)
✔ POST rechecks the current quote and verifies persisted acceptance before success (4.075208ms)
✔ changed quote, mismatched tenant, oversized response and unverified write never show acceptance (2.692083ms)
✔ only the gateway's exact missing-terms code becomes a not-yet-issued month (2.294042ms)
✔ internal owner use shows no offer or acceptance, while unknown gateway 403 stays generic (5.725125ms)
✔ mapping issue and redeem hash the pre-saved handle and bind exact target and response (217.064958ms)
✔ browser identity, purpose and extra fields cannot decorate mapping input (19.144292ms)
✔ unmatched, extended or malformed backend receipts cannot become identity evidence (2.144542ms)
✔ denials are bounded and private; unavailable responses never leak diagnostics (2.939541ms)
✔ dedicated installed SDK sends only service credentials to fixed allowed HTTPS RPCs (32.574958ms)
✔ SDK response stream is bounded independently of content length and closes failed reads (6.421917ms)
✔ SDK deadline includes stalled response bodies and does not depend on fetch honoring abort (52.11075ms)
✔ every website config failure names its own fix (25.033834ms)
✔ operator secret check: present, 32+ characters and different from the portal secret (24.513125ms)
✔ every migration file has a schema probe, in filename order (16.356625ms)
✔ schema check reports the first missing migration by filename and its customer-facing effect (0.845958ms)
✔ Modelvia check: pass, 401, client-id mismatch, redirect/timeout and not configured (23.689042ms)
✔ gateway check detects a REALBUD_GATEWAY_URL that points at Modelvia (0.456834ms)
✔ gateway check names the setting the gateway says is missing (0.718583ms)
✔ office checks: derived default, not found, inactive, zero cap and healthy, with one customer-list call (20.430458ms)
✔ no secret value appears in any result string, whatever the upstream echoes (22.2605ms)
✔ environment reads the shared Modelvia settings plus only the readiness extras (0.138208ms)
✔ persists an enquiry with a receipt, never contact data in the response (238.753ms)
✔ simultaneous and lost-response retries save one record and return the same receipt (31.786167ms)
✔ invalid, cross-origin, bot and oversized requests never reach storage (1.509208ms)
✔ database outages do not acknowledge receipt or leak errors (5.484334ms)
✔ bounds abuse atomically while permitting an existing receipt to be retried (18.6525ms)
✔ SQL-shaped text remains data, with no public record retrieval (25.320416ms)
✔ www origin may post to the apex API (24.434875ms)
✔ missing, malformed or equal origins fail before any network or bearer (77.655583ms)
✔ a Modelvia alias cannot receive a RealBud portal request or bearer (6.346ms)
✔ a verified RealBud service serves portal reads and shares a short identity proof (8.117333ms)
✔ parallel portal reads share one health probe, and a changed origin needs its own proof (50.92175ms)
✔ an unavailable identity is retried, and a mutation waits for service proof (131.446875ms)
✔ redirects, oversized health bodies and off-origin paths cannot authorize a portal call (6.121583ms)
✔ pairing credentials are random, bounded and validated (8.078917ms)
✔ reports require explicit readiness and bounded version text (0.090459ms)
✔ old, missing and future check-ins never establish current readiness (8.027416ms)
✔ approval ids and display codes match the shared contract (2.32175ms)
✔ the approval URL is built on the configured origin and nothing else (4.534167ms)
✔ sign-in may return only to an approval page (0.260917ms)
✔ the desktop's status answer is wrapped and validated against the contract (0.565958ms)
✔ a decision body names the approval id and nothing else (0.097958ms)
✔ the page view accepts only the SQL view shape (0.100208ms)
✔ errors are fixed sentences, never a raw database message (0.178916ms)
✔ the gateway envelope is validated with and without first-call secrets (10.52975ms)
✔ a first redeem provisions once and records identifiers, never secrets (1.0075ms)
✔ a failed authoritative record does not deliver secrets and attempts gateway cleanup (0.186542ms)
✔ a replayed gateway descriptor without one-time keys cannot make the portal appear provisioned (2.467792ms)
✔ a second or unavailable SQL claim cannot dispatch another one-time mint (0.464708ms)
✔ a setup refusal gives the claim back, so the next check-in after setup provisions exactly once (42.304583ms)
✔ an uncertain outcome keeps the claim spent: no release, the next check-in needs review (21.80425ms)
✔ a release that fails or is missing keeps today's behaviour and never throws (117.164834ms)
✔ an unreachable or unconfigured gateway degrades honestly (0.211541ms)
✔ an office with no Modelvia customer is skipped, not attempted (3.547792ms)
✔ installation usage is this office's totals and nothing else (13.869333ms)
✔ a gateway answering for another office provisions nothing (0.095666ms)
✔ revoking asks the gateway and clears the owed cleanup only on confirmation (1.245083ms)
✔ identifiers are derived from the descriptor without inventing a project (0.147834ms)
✔ the real transport is bounded, authenticated and refuses anything else (53.836458ms)
✔ an unprovisioned computer cannot appear AI-ready from a healthy or stale worker report (0.748875ms)
✔ a linked computer without a first report still shows unconfirmed AI setup (0.093958ms)
✔ an attempted setup with no recorded grant needs review instead of another check-in (0.09675ms)
✔ a recorded grant does not claim a successful serving request (0.148958ms)
✔ revocation states take precedence over a missing AI grant (0.33125ms)
✔ disconnect confirmation distinguishes website revoke from gateway cleanup and lost status (0.227083ms)
✔ missing computer-link schema is a setup state, not an empty inventory or generic outage (0.224209ms)
✔ invoice payment: every state the review listed gives a button or its own reason (0.810459ms)
✔ invoice payment: no combination leaves an unpaid invoice with money owing unexplained (19.145708ms)
✔ invoice payment: row copy names the real next step without codes (0.346459ms)
✔ /api/account/usage with a missing session returns a private uncached 401 (5.452ms)
✔ /api/admin/offices with a missing session returns a private uncached 401 (0.487833ms)
✔ /account/ai-billing?period=2026-09 with a missing session redirects privately to sign-in (0.309208ms)
✔ /admin?tab=offices with a missing session redirects privately to sign-in (0.216541ms)
✔ /api/account/usage with a malformed session returns a private uncached 401 (0.38125ms)
✔ /api/admin/offices with a malformed session returns a private uncached 401 (0.338625ms)
✔ /account/ai-billing?period=2026-09 with a malformed session redirects privately to sign-in (0.213542ms)
✔ /admin?tab=offices with a malformed session redirects privately to sign-in (0.170333ms)
✔ /api/account/usage with a expired session returns a private uncached 401 (24.373584ms)
✔ /api/admin/offices with a expired session returns a private uncached 401 (8.880792ms)
✔ /account/ai-billing?period=2026-09 with a expired session redirects privately to sign-in (18.619875ms)
✔ /admin?tab=offices with a expired session redirects privately to sign-in (8.135667ms)
✔ /api/account/usage with a tampered session returns a private uncached 401 (15.057042ms)
✔ /api/admin/offices with a tampered session returns a private uncached 401 (20.715375ms)
✔ /account/ai-billing?period=2026-09 with a tampered session redirects privately to sign-in (35.901083ms)
✔ /admin?tab=offices with a tampered session redirects privately to sign-in (51.496125ms)
✔ valid legacy sessions pass through to existing route authorization (15.316625ms)
✔ valid person sessions pass through to existing route authorization (11.306375ms)
✔ unconfigured authentication keeps both hidden admin 404s private and uncached (1.594709ms)
✔ unconfigured authentication preserves account route pass-through (0.216333ms)
✔ public paths retain their cache behavior with authentication unset (0.153041ms)
✔ canonical public redirect retains its cache behavior with authentication unset (0.5455ms)
✔ public paths retain their cache behavior with authentication configured (0.146917ms)
✔ canonical public redirect retains its cache behavior with authentication configured (0.657ms)
﹣ operator token: signed here, verified by the gateway operator-token.ts (0.354333ms) # the gateway source (../root/managed-gateway) is not beside this website checkout
✔ AUD amounts: A$1 to A$10,000, whole dollars or cents, to nanoAUD (0.299542ms)
✔ browser input: exactly {companyId, access}; custom is an AUD amount, never nanoAUD (0.446292ms)
✔ current access reads as Default, Custom, Off or Not set up yet (116.592542ms)
✔ Offices page rows: one customer-list read, no customer id, blocked offices say why (19.045334ms)
✔ route: operator gate, origin and body are checked before any gateway call (9.412084ms)
✔ route: sends exactly {companyId, customerId, name, access} under a gateway-verifiable bearer (3.385416ms)
✔ route: gateway refusals become one plain operator line; nothing upstream is echoed (5.908958ms)
✔ receipt exists synchronously before checkout and survives a fresh reader (38.52325ms)
✔ same-turn repeated attempts refuse instead of dispatching or replacing original intent (0.238667ms)
✔ company and invoice scopes remain independent (0.085834ms)
✔ eligible stale GETs, missing invoices and cancellation strings never release a pre-claim hold (0.154542ms)
✔ only authoritative paid true retires the matching invoice receipt (0.078334ms)
✔ failed or silently discarded writes prevent dispatch (0.090667ms)
✔ unreadable, malformed and cross-company receipts fail closed (0.092875ms)
✔ failed terminal receipt update never silently clears the persisted hold (0.067042ms)
✔ billing readers use the server mapping and only approved filters are forwarded (40.451084ms)
✔ forged customer, role, client and duplicate filters cannot change account authority (6.121ms)
✔ unlinked customers, missing configuration and insecure remote URLs refuse before transport (1.879334ms)
✔ wrong upstream customer, role and period cannot masquerade as scoped analytics (1.03025ms)
✔ empty query defaults to Brisbane month and upstream errors never forward private diagnostics (6.1945ms)
✔ decimal formatting keeps exact large amounts and token counts without floating point (23.398958ms)
✔ missing agreed resale price stays unknown instead of exposing a wholesale amount (0.697625ms)
✔ the overview and the AI billing heading share one net AI usage figure from the platform billing view (0.118292ms)
✔ billing GET preserves optional legacy reads and matched expectations without changing account authority (142.27075ms)
✔ a cross-tab cookie change refuses stale page billing before exposing the new company invoice (1.259125ms)
✔ checkout requires a single exact expected company before body consumption, preflight or dispatch (0.652084ms)
✔ cookie change between a valid GET and checkout cannot use old page authority (7.62325ms)
✔ expectation does not bypass origin, sign-in, reader role or exact request body gates (4.877792ms)
✔ matched GET expectations preserve period and scope filter rejection before upstream access (1.2ms)
✔ platform customer comes from server mapping, never a browser-supplied ID (0.87425ms)
✔ billing and checkout preserve trusted customer scope and read-only roles (21.576291ms)
✔ billing checks the returned customer and projects exact money without supplier fields or headers (2.691958ms)
✔ billing and document errors redact upstream diagnostics and invalid roles never call the gateway (3.055ms)
✔ oversized or invalid upstream billing bodies fail closed without being forwarded (11.788ms)
✔ binding: explicit entry wins, otherwise realbud-<companyId>, never a derived id another office holds (1.918167ms)
✔ checkout exposes only admitted Square sandbox destinations without forwarding upstream fields (1.071708ms)
✔ missing mapping and insecure remote endpoints refuse without making a request (0.205333ms)
✔ invoice documents use the authenticated account mapping and remain available to billing readers (1.099166ms)
✔ documents reject traversal, external invoice URLs and missing mappings before fetch (0.653083ms)
✔ upstream cross-customer rejection remains a private error and JSON cannot masquerade as an invoice (0.482667ms)
✔ live billing and checkout admit only production Square destinations, preserving customer scope (1.192ms)
✔ the surface the client chose is forwarded, defaulted and validated, with an https-only portal link (0.850458ms)
✔ the routes' environment carries PLATFORM_PORTAL_URL, so the portal link renders (0.194375ms)
✔ a revoked integration key or inactive Modelvia account is a billing outage, never the customer's sign-in or permission (6.590833ms)
✔ Modelvia checkout refusals keep their own code for accurate copy (0.535875ms)
✔ mapping: duplicate companies are refused, not last-wins; a missing company never matches (0.215917ms)
✔ safe invoice document: sandboxed, unframed, unsniffed, uncached, no upstream headers, HTML only (0.3445ms)
✔ a sandbox payment mode never reaches a production build as a notice or a checkout (0.075917ms)
✔ provider direct instructions stay on eligible issued retail invoices and name their seller (0.36975ms)
✔ direct offer fails closed for disabled, stale, paid, nonpositive, nonretail or incomplete invoice state (5.642333ms)
✔ legacy billing defaults to Square on the client app without inventing seller or payment permission (0.518959ms)
✔ customer payment projection strips supplier, merchant credentials and provider-only settings (0.141833ms)
✔ production checkout refuses sandbox and unavailable invoice policy before a link is created (0.867417ms)
✔ billing period is exact, forwarded and checked without allowing customer scope selectors (1.802166ms)
✔ checkout body rejects scope, seller, amount, invalid JSON and chunked oversized data before transport (2.129958ms)
✔ actual billing routes enforce origin, session, reader role, exact body and production payment policy (6.914041ms)
✔ guard: a second analytics read within 15 s is served from the private cache without calling Modelvia (60.660542ms)
✔ guard: cached analytics expires after 15 s and the next read goes upstream (1.116833ms)
✔ guard: cache and rate limit are per company; one office never sees or spends another office's (2.949292ms)
✔ guard: past 30 calls a minute a company is answered 429 with Retry-After before Modelvia is called (12.7685ms)
✔ guard: validation, role and mapping refusals spend nothing; billing errors consume the shared allowance (1.171958ms)
✔ guard: billing reads each requested month afresh and checkout rechecks current policy (1.284334ms)
✔ guard: an old GET finishing after checkout cannot supply stale payment eligibility to a later reader (6.435709ms)
✔ guard: usage summary shares company limits with billing and caches only its own month and office (14.754458ms)
✔ route /api/account/ai-billing: its own environment carries the portal URL to the page (46.065792ms)
✔ analytics route hides a stale office before any Modelvia read (18.659ms)
✔ routes: no Modelvia caller assembles its own environment; all use platformEnvironment() and the shared guard (85.715292ms)
✔ routes: upstream 401/403 (revoked key, inactive account) reaches the customer as 503, not as their sign-in (10.428708ms)
✔ routes: origin refusals are private and uncached; checkout answers are nosniff (9.5305ms)
✔ route /api/account/invoices/[id]: the tax invoice is served like the AI billing document (1.364208ms)
✔ route /api/account/invoices/[id] checkout: only a Square link leaves the server (0.970375ms)
✔ route /api/account/ai-billing/commercial-terms: a RealBud gateway that is not set up is reported as setup, not as an outage (1.992708ms)
✔ route /api/account/invoices/[id] checkout: a billing reader is refused before the gateway is asked (0.119959ms)
✔ routes share one per-company budget: fresh billing reads, then 429 before Modelvia (2.873209ms)
✔ routes: the older gateway AI billing routes are gone and point at AI usage & billing, whoever asks (76.9675ms)
✔ account usage handler refuses foreign origin and unauthenticated sessions before upstream access (29.729834ms)
✔ account usage handler binds a reader to their current office and ignores no forged scope (9.607375ms)
✔ installation usage handler authenticates the installation hash and returns the real desktop wire with reported limits (3.686875ms)
✔ installation invalid credentials, revoked identity and scope injection cannot reach another usage account (3.626875ms)
✔ recorded usage is mapped by authenticated office, projected exactly and accepted by the real desktop parser (45.741375ms)
✔ unknown customer net and missing authoritative limits remain null, while recorded non-invoicing usage remains visible (2.524125ms)
✔ authority and arbitrary or duplicate query fields cannot select another customer (5.721875ms)
✔ usage names only local setup gaps; upstream and transport errors stay private (0.296917ms)
✔ period defaults to Brisbane accounting month and an explicit desktop month is never relabelled (0.47075ms)
✔ malformed, partial, imprecise or different-month responses fail without fabricating figures (1.584833ms)
✔ bounded responses and failures never leak supplier diagnostics or present oversized totals as zero (5.126584ms)
✔ no message exposes a status code, a raw code or a shrug (0.94875ms)
✔ every message says what to do next (0.224ms)
✔ an unfinished request reads as unreachable, not as a fault of the account (1.945541ms)
✔ blocked states are not offered a retry (0.645834ms)
✔ only a known local setup code may collapse all billing sections (0.314917ms)
✔ an unknown upstream code never reaches the page (0.278875ms)
✔ the subject is named so the reader knows what is missing (0.28975ms)
✔ Modelvia checkout refusals get their own copy, not "something changed, reload" (1.826042ms)
✔ person RPC validates exact authoritative shape and safe fields (0.693417ms)
✔ trusted issuer comes from deployment config with no path or browser data (0.118458ms)
✔ login sends verified provider identity and rejects remapped backend output (0.401166ms)
✔ unprovisioned identity is distinguished only by the exact trusted RPC error (0.184541ms)
✔ person gate rejects legacy, expired, future and different issuer without any RPC (45.698541ms)
✔ every person gate refreshes current identity and observes revocation, roles and epoch (30.810875ms)
✔ service-only login RPC uses a separate admin client after OTP changes the SDK session (59.952375ms)
✔ fresh enrollment actor comes only from valid cookie and current identity; old sessions can only list/revoke (271.801ms)
✔ accept hashes the code and forwards only server-derived actor; authority fields in browser body reject (12.698916ms)
✔ committed challenge denial is bounded403 and arbitrary backend diagnostics never escape (1.194417ms)
✔ parent enrollment separates report/command tokens and rejects remapped or unverified receipts (6.144125ms)
✔ desktop status and confirmation cannot adopt another enrollment, candidate, or parent (0.576375ms)
✔ personal lists/revocations exclude other actors, agencies, malformed entries and duplicate IDs (0.453542ms)
✔ clock sampling authenticates the exact v2 parent and rejects decorated or invalid server time (15.2345ms)
✔ pending parent cancellation uses reporting authority and exact revoked receipt without exposing command token (2.274ms)
✔ work upload counts streamed UTF-8 bytes and cancels oversized bodies regardless of declared size (58.709334ms)
✔ work failures bound backend diagnostics and keep no-store on all known denials (0.903542ms)
✔ submit forwards a server actor and stable request ID, rejecting forged fields and remapped receipts (1.075791ms)
✔ review upload verifies both complete canonical digests before RPC and verifies exact returned projection (0.877917ms)
✔ explicit review read checks audience, digest, target and pruned null contract (0.763833ms)
✔ decision requires exact winning ID, choice, review CAS and current actor, including replay (1.693792ms)
✔ desktop claim binds all execution identifiers and browser cannot call installation operations (1.317084ms)
✔ person cancellation is requester-bound while desktop cancel uses the separate token RPC (0.540917ms)
✔ session round-trip and rejects tampering (210.573667ms)
✔ person cookie preserves stable binding and seven day authentication age (21.18825ms)
✔ signed but malformed or downgraded person cookies fail closed (53.793584ms)
✔ site: local development origins are admitted only outside production (0.465417ms)
✔ site: an origin refusal is private and never cached (20.755958ms)
✔ spend cap: exactly zero reads as not enabled, never as an A$0.00 cap (2.375542ms)
✔ spend cap: a positive cap shows the cap and any reported headroom (14.141416ms)
✔ spend cap: a missing or malformed cap is unreported, not zero (0.114333ms)
✔ billing pages read Modelvia for AI: the RealBud gateway serves only care terms and service invoices (6.0835ms)
✔ square checkout: only exact Square hosts on https, for the stated mode (9.315291ms)
✔ square checkout: the browser Pay path uses the shared allow-list, not its own (1.12825ms)
✔ persisted filters keep one safe Brisbane month and cannot choose account scope (3.03425ms)
✔ only two typed operations and reviewed bounded metadata are publishable (0.61725ms)
✔ immutable envelopes have exact identity, explicit expiry and no source content (0.2755ms)
✔ claim and event schemas reject actor, credential and execution argument substitution (0.168875ms)
✔ safe integer cursors and exact submit schemas (0.106792ms)
✔ canonical serialization is key-order independent and preserves meaningful content (0.134875ms)
✔ request bodies are bounded independently of Content-Length including chunked input (16.095709ms)
✔ bearer parsing hashes only exact private tokens and public errors never reflect database text (2.3145ms)
✔ status parser disallows freeform result payloads (0.178417ms)
✔ account history target labels remain bounded metadata with exact opaque identities (0.187417ms)
ℹ tests 237
ℹ suites 0
ℹ pass 236
ℹ fail 0
ℹ cancelled 0
ℹ skipped 1
ℹ todo 0
ℹ duration_ms 2667.438292
exit 0
