2026-09-25 01:56:11.923 AEST [46450] LOG:  starting PostgreSQL 16.15 (Homebrew) on aarch64-apple-darwin25.6.0, compiled by Apple clang version 21.0.0 (clang-2100.1.1.101), 64-bit
2026-09-25 01:56:11.923 AEST [46450] LOG:  listening on Unix socket "/var/folders/pv/v_yx05z50rq0y4tx8_1f4jh80000gn/T/rb-company-pg-L54FuN/.s.PGSQL.55447"
2026-09-25 01:56:11.927 AEST [46453] LOG:  database system was shut down at 2026-09-25 01:56:11 AEST
2026-09-25 01:56:11.929 AEST [46450] LOG:  database system is ready to accept connections
2026-09-25 01:57:09.569 AEST [47852] ERROR:  duplicate key value violates unique constraint "member_credentials_company_id_login_name_key"
2026-09-25 01:57:09.569 AEST [47852] DETAIL:  Key (company_id, login_name)=(06c96a43-4c21-4c4b-8ded-ca02973ed3d1, alice) already exists.
2026-09-25 01:57:09.569 AEST [47852] STATEMENT:  INSERT INTO realbud_company.member_credentials(company_id,member_id,login_name,password_verifier,recovery_hash,revision,failed_attempts)
	        VALUES($1,$2,$3,$4,$5,1,0)
2026-09-25 01:57:09.682 AEST [47853] ERROR:  duplicate key value violates unique constraint "member_credentials_company_id_login_name_key"
2026-09-25 01:57:09.682 AEST [47853] DETAIL:  Key (company_id, login_name)=(442c4865-7d68-47d9-a5fa-c11439b2eefc, shared) already exists.
2026-09-25 01:57:09.682 AEST [47853] STATEMENT:  INSERT INTO realbud_company.member_credentials(company_id,member_id,login_name,password_verifier,recovery_hash,revision,failed_attempts)
	        VALUES($1,$2,$3,$4,$5,1,0)
2026-09-25 01:57:11.874 AEST [47882] WARNING:  there is no transaction in progress
2026-09-25 01:57:12.513 AEST [46450] LOG:  received fast shutdown request
2026-09-25 01:57:12.513 AEST [46450] LOG:  aborting any active transactions
2026-09-25 01:57:12.514 AEST [46450] LOG:  background worker "logical replication launcher" (PID 46456) exited with exit code 1
2026-09-25 01:57:12.514 AEST [46451] LOG:  shutting down
2026-09-25 01:57:12.515 AEST [46451] LOG:  checkpoint starting: shutdown immediate
2026-09-25 01:57:12.642 AEST [46451] LOG:  checkpoint complete: wrote 1091 buffers (6.7%); 0 WAL file(s) added, 0 removed, 0 recycled; write=0.039 s, sync=0.046 s, total=0.128 s; sync files=1875, longest=0.001 s, average=0.001 s; distance=6472 kB, estimate=6472 kB; lsn=0/1B6FBF8, redo lsn=0/1B6FBF8
2026-09-25 01:57:12.644 AEST [46450] LOG:  database system is shut down
