node:internal/modules/run_main:107
    triggerUncaughtException(
    ^

AssertionError [ERR_ASSERTION]: Expected values to be strictly deep-equal:
+ actual - expected

+ [
+   "Failed to read the 'localStorage' property from 'Window': Access is denied for this document.",
+   "Failed to read the 'localStorage' property from 'Window': Access is denied for this document.",
+   "Failed to read the 'localStorage' property from 'Window': Access is denied for this document.",
+   "Failed to read the 'localStorage' property from 'Window': Access is denied for this document."
+ ]
- []

    at file:///Users/yoda/projects/RealBud/scripts/qa-skill-history.mjs:170:10
    at process.processTicksAndRejections (node:internal/process/task_queues:104:5) {
  generatedMessage: true,
  code: 'ERR_ASSERTION',
  actual: [
    "Failed to read the 'localStorage' property from 'Window': Access is denied for this document.",
    "Failed to read the 'localStorage' property from 'Window': Access is denied for this document.",
    "Failed to read the 'localStorage' property from 'Window': Access is denied for this document.",
    "Failed to read the 'localStorage' property from 'Window': Access is denied for this document."
  ],
  expected: [],
  operator: 'deepStrictEqual',
  diff: 'simple'
}

Node.js v24.19.0
