vite v7.3.6 building client environment for production...
transforming...
✓ 2497 modules transformed.
rendering chunks...
computing gzip size...
outputs/department-lifecycle-2026-09-21/ui/index.html                                       0.46 kB │ gzip:   0.29 kB
outputs/department-lifecycle-2026-09-21/ui/assets/index-Cy70dCdc.css                      118.11 kB │ gzip:  21.53 kB
outputs/department-lifecycle-2026-09-21/ui/assets/arrow-left-Ck75Wvxk.js                    0.17 kB │ gzip:   0.16 kB
outputs/department-lifecycle-2026-09-21/ui/assets/shield-check-CjrrIzfq.js                  0.32 kB │ gzip:   0.25 kB
outputs/department-lifecycle-2026-09-21/ui/assets/analytics-35q99HmI.js                     0.33 kB │ gzip:   0.23 kB
outputs/department-lifecycle-2026-09-21/ui/assets/bud-readiness-DSm4WYww.js                 0.44 kB │ gzip:   0.31 kB
outputs/department-lifecycle-2026-09-21/ui/assets/codeowners-Bp6g37R7.js                    0.55 kB │ gzip:   0.32 kB
outputs/department-lifecycle-2026-09-21/ui/assets/shellsession-BADoaaVG.js                  0.71 kB │ gzip:   0.43 kB
outputs/department-lifecycle-2026-09-21/ui/assets/tsv-B_m7g4N7.js                           0.74 kB │ gzip:   0.34 kB
outputs/department-lifecycle-2026-09-21/ui/assets/WorkContextCard-CeiDCkra.js               0.76 kB │ gzip:   0.44 kB
outputs/department-lifecycle-2026-09-21/ui/assets/html-derivative-DlHx6ybY.js               0.90 kB │ gzip:   0.50 kB
outputs/department-lifecycle-2026-09-21/ui/assets/git-rebase-r7XF79zn.js                    0.98 kB │ gzip:   0.44 kB
outputs/department-lifecycle-2026-09-21/ui/assets/qmldir-C8lEn-DE.js                        1.00 kB │ gzip:   0.45 kB
outputs/department-lifecycle-2026-09-21/ui/assets/csv-fuZLfV_i.js                           1.14 kB │ gzip:   0.37 kB
outputs/department-lifecycle-2026-09-21/ui/assets/git-commit-F4YmCXRG.js                    1.23 kB │ gzip:   0.53 kB
outputs/department-lifecycle-2026-09-21/ui/assets/xsl-CtQFsRM5.js                           1.39 kB │ gzip:   0.52 kB
outputs/department-lifecycle-2026-09-21/ui/assets/dotenv-Da5cRb03.js                        1.42 kB │ gzip:   0.53 kB
outputs/department-lifecycle-2026-09-21/ui/assets/sparql-rVzFXLq3.js                        1.48 kB │ gzip:   0.82 kB
outputs/department-lifecycle-2026-09-21/ui/assets/ini-BEwlwnbL.js                           1.53 kB │ gzip:   0.50 kB
outputs/department-lifecycle-2026-09-21/ui/assets/WorkspaceSetup-34j1IGo_.js                1.54 kB │ gzip:   0.84 kB
outputs/department-lifecycle-2026-09-21/ui/assets/fortran-fixed-form-CkoXwp7k.js            1.67 kB │ gzip:   0.69 kB
outputs/department-lifecycle-2026-09-21/ui/assets/docker-BcOcwvcX.js                        1.74 kB │ gzip:   0.60 kB
outputs/department-lifecycle-2026-09-21/ui/assets/desktop-BmXAJ9_W.js                       1.83 kB │ gzip:   0.76 kB
outputs/department-lifecycle-2026-09-21/ui/assets/hxml-2-FPmUDs.js                          1.89 kB │ gzip:   0.90 kB
outputs/department-lifecycle-2026-09-21/ui/assets/wenyan-BV7otONQ.js                        2.16 kB │ gzip:   1.09 kB
outputs/department-lifecycle-2026-09-21/ui/assets/jssm-C2t-YnRu.js                          2.24 kB │ gzip:   0.62 kB
outputs/department-lifecycle-2026-09-21/ui/assets/reg-C-SQnVFl.js                           2.35 kB │ gzip:   0.70 kB
outputs/department-lifecycle-2026-09-21/ui/assets/edge-FbVlp4U3.js                          2.36 kB │ gzip:   0.70 kB
outputs/department-lifecycle-2026-09-21/ui/assets/boot-heal-CSYnCEQp.js                     2.40 kB │ gzip:   0.98 kB
outputs/department-lifecycle-2026-09-21/ui/assets/diff-D97Zzqfu.js                          2.57 kB │ gzip:   0.70 kB
outputs/department-lifecycle-2026-09-21/ui/assets/gleam-BspZqrRM.js                         2.58 kB │ gzip:   0.82 kB
outputs/department-lifecycle-2026-09-21/ui/assets/erb-DXfck5VN.js                           2.61 kB │ gzip:   0.84 kB
outputs/department-lifecycle-2026-09-21/ui/assets/hy-DFXneXwc.js                            2.65 kB │ gzip:   1.18 kB
outputs/department-lifecycle-2026-09-21/ui/assets/use-copy-text-B5jqr7GY.js                 2.78 kB │ gzip:   1.29 kB
outputs/department-lifecycle-2026-09-21/ui/assets/json-Cp-IABpG.js                          2.82 kB │ gzip:   0.78 kB
outputs/department-lifecycle-2026-09-21/ui/assets/openscad-C4EeE6gA.js                      2.82 kB │ gzip:   1.01 kB
outputs/department-lifecycle-2026-09-21/ui/assets/log-2UxHyX5q.js                           2.85 kB │ gzip:   0.90 kB
outputs/department-lifecycle-2026-09-21/ui/assets/cairo-KRGpt6FW.js                         2.94 kB │ gzip:   0.81 kB
outputs/department-lifecycle-2026-09-21/ui/assets/berry-uYugtg8r.js                         3.01 kB │ gzip:   0.81 kB
outputs/department-lifecycle-2026-09-21/ui/assets/jsonl-DcaNXYhu.js                         3.01 kB │ gzip:   0.79 kB
outputs/department-lifecycle-2026-09-21/ui/assets/jsonc-Des-eS-w.js                         3.11 kB │ gzip:   0.80 kB
outputs/department-lifecycle-2026-09-21/ui/assets/logo-BtOb2qkB.js                          3.13 kB │ gzip:   1.47 kB
outputs/department-lifecycle-2026-09-21/ui/assets/portal-job-Djv6E3Ts.js                    3.17 kB │ gzip:   1.39 kB
outputs/department-lifecycle-2026-09-21/ui/assets/po-BTJTHyun.js                            3.24 kB │ gzip:   0.91 kB
outputs/department-lifecycle-2026-09-21/ui/assets/phone-connections-CJnbHIRA.js             3.24 kB │ gzip:   1.45 kB
outputs/department-lifecycle-2026-09-21/ui/assets/json5-C9tS-k6U.js                         3.25 kB │ gzip:   0.83 kB
outputs/department-lifecycle-2026-09-21/ui/assets/mipsasm-CKIfxQSi.js                       3.26 kB │ gzip:   1.18 kB
outputs/department-lifecycle-2026-09-21/ui/assets/tasl-QIJgUcNo.js                          3.29 kB │ gzip:   0.85 kB
outputs/department-lifecycle-2026-09-21/ui/assets/rbs-CpoqiR4B.js                           3.31 kB │ gzip:   0.73 kB
outputs/department-lifecycle-2026-09-21/ui/assets/bud-setup-BgFssKZ9.js                     3.32 kB │ gzip:   1.41 kB
outputs/department-lifecycle-2026-09-21/ui/assets/genie-D0YGMca9.js                         3.36 kB │ gzip:   1.21 kB
outputs/department-lifecycle-2026-09-21/ui/assets/rel-C3B-1QV4.js                           3.37 kB │ gzip:   1.11 kB
outputs/department-lifecycle-2026-09-21/ui/assets/vala-CsfeWuGM.js                          3.37 kB │ gzip:   1.19 kB
outputs/department-lifecycle-2026-09-21/ui/assets/splunk-BtCnVYZw.js                        3.44 kB │ gzip:   1.52 kB
outputs/department-lifecycle-2026-09-21/ui/assets/fluent-C4IJs8-o.js                        3.61 kB │ gzip:   0.90 kB
outputs/department-lifecycle-2026-09-21/ui/assets/ssh-config-_ykCGR6B.js                    3.62 kB │ gzip:   1.60 kB
outputs/department-lifecycle-2026-09-21/ui/assets/jsonnet-DFQXde-d.js                       3.62 kB │ gzip:   1.05 kB
outputs/department-lifecycle-2026-09-21/ui/assets/kdl-DV7GczEv.js                           3.63 kB │ gzip:   1.04 kB
outputs/department-lifecycle-2026-09-21/ui/assets/glsl-DplSGwfg.js                          3.63 kB │ gzip:   1.41 kB
outputs/department-lifecycle-2026-09-21/ui/assets/hurl-irOxFIW8.js                          3.65 kB │ gzip:   1.16 kB
outputs/department-lifecycle-2026-09-21/ui/assets/narrat-DRg8JJMk.js                        3.67 kB │ gzip:   1.11 kB
outputs/department-lifecycle-2026-09-21/ui/assets/turtle-BsS91CYL.js                        3.70 kB │ gzip:   0.98 kB
outputs/department-lifecycle-2026-09-21/ui/assets/job-run-WnQRsk7Y.js                       3.88 kB │ gzip:   1.47 kB
outputs/department-lifecycle-2026-09-21/ui/assets/zenscript-DVFEvuxE.js                     3.91 kB │ gzip:   1.28 kB
outputs/department-lifecycle-2026-09-21/ui/assets/ron-D8l8udqQ.js                           3.91 kB │ gzip:   0.98 kB
outputs/department-lifecycle-2026-09-21/ui/assets/gn-n2N0HUVH.js                            4.00 kB │ gzip:   1.49 kB
outputs/department-lifecycle-2026-09-21/ui/assets/pascal-D93ZcfNL.js                        4.15 kB │ gzip:   1.67 kB
outputs/department-lifecycle-2026-09-21/ui/assets/tcl-dwOrl1Do.js                           4.43 kB │ gzip:   1.52 kB
outputs/department-lifecycle-2026-09-21/ui/assets/nextflow-C-mBbutL.js                      4.51 kB │ gzip:   1.17 kB
outputs/department-lifecycle-2026-09-21/ui/assets/work-continuation-CAllNlas.js             4.51 kB │ gzip:   2.15 kB
outputs/department-lifecycle-2026-09-21/ui/assets/rosmsg-BJDFO7_C.js                        4.52 kB │ gzip:   1.06 kB
outputs/department-lifecycle-2026-09-21/ui/assets/http-jrhK8wxY.js                          4.55 kB │ gzip:   1.12 kB
outputs/department-lifecycle-2026-09-21/ui/assets/polar-C0HS_06l.js                         4.67 kB │ gzip:   1.12 kB
outputs/department-lifecycle-2026-09-21/ui/assets/sdbl-DVxCFoDh.js                          4.70 kB │ gzip:   2.01 kB
outputs/department-lifecycle-2026-09-21/ui/assets/fennel-BYunw83y.js                        4.77 kB │ gzip:   1.53 kB
outputs/department-lifecycle-2026-09-21/ui/assets/bibtex-CHM0blh-.js                        4.80 kB │ gzip:   0.83 kB
outputs/department-lifecycle-2026-09-21/ui/assets/llvm-BZoOZj88.js                          5.04 kB │ gzip:   2.01 kB
outputs/department-lifecycle-2026-09-21/ui/assets/wgsl-Dx-B1_4e.js                          5.14 kB │ gzip:   1.39 kB
outputs/department-lifecycle-2026-09-21/ui/assets/gdresource-TyuKm33G.js                    5.29 kB │ gzip:   1.34 kB
outputs/department-lifecycle-2026-09-21/ui/assets/qml-3beO22l8.js                           5.34 kB │ gzip:   1.38 kB
outputs/department-lifecycle-2026-09-21/ui/assets/zig-VOosw3JB.js                           5.34 kB │ gzip:   1.55 kB
outputs/department-lifecycle-2026-09-21/ui/assets/dax-CEL-wOlO.js                           5.37 kB │ gzip:   2.23 kB
outputs/department-lifecycle-2026-09-21/ui/assets/bicep-Bmn6On1c.js                         5.38 kB │ gzip:   1.15 kB
outputs/department-lifecycle-2026-09-21/ui/assets/xml-sdJ4AIDG.js                           5.38 kB │ gzip:   1.21 kB
outputs/department-lifecycle-2026-09-21/ui/assets/awk-DMzUqQB5.js                           5.46 kB │ gzip:   1.38 kB
outputs/department-lifecycle-2026-09-21/ui/assets/jinja-f2NsQr07.js                         5.69 kB │ gzip:   1.40 kB
outputs/department-lifecycle-2026-09-21/ui/assets/lean-BZvkOJ9d.js                          5.78 kB │ gzip:   1.92 kB
outputs/department-lifecycle-2026-09-21/ui/assets/powerquery-CEu0bR-o.js                    5.90 kB │ gzip:   1.52 kB
outputs/department-lifecycle-2026-09-21/ui/assets/shaderlab-Dg9Lc6iA.js                     5.92 kB │ gzip:   2.08 kB
outputs/department-lifecycle-2026-09-21/ui/assets/cypher-COkxafJQ.js                        5.96 kB │ gzip:   1.73 kB
outputs/department-lifecycle-2026-09-21/ui/assets/coq-C7JzOVbR.js                           6.01 kB │ gzip:   1.95 kB
outputs/department-lifecycle-2026-09-21/ui/assets/vb-Cu-pLBUe.js                            6.08 kB │ gzip:   2.33 kB
outputs/department-lifecycle-2026-09-21/ui/assets/min-dark-CafNBF8u.js                      6.29 kB │ gzip:   1.71 kB
outputs/department-lifecycle-2026-09-21/ui/assets/gdshader-DkwncUOv.js                      6.33 kB │ gzip:   1.73 kB
outputs/department-lifecycle-2026-09-21/ui/assets/ara-BRHolxvo.js                           6.36 kB │ gzip:   1.81 kB
outputs/department-lifecycle-2026-09-21/ui/assets/verilog-nZwndyjY.js                       6.41 kB │ gzip:   1.92 kB
outputs/department-lifecycle-2026-09-21/ui/assets/clojure-P80f7IUj.js                       6.41 kB │ gzip:   1.42 kB
outputs/department-lifecycle-2026-09-21/ui/assets/postcss-CXtECtnM.js                       6.42 kB │ gzip:   1.91 kB
outputs/department-lifecycle-2026-09-21/ui/assets/red-hvxz__6c.js                           6.42 kB │ gzip:   1.63 kB
outputs/department-lifecycle-2026-09-21/ui/assets/toml-vGWfd6FD.js                          6.43 kB │ gzip:   1.28 kB
outputs/department-lifecycle-2026-09-21/ui/assets/proto-C7zT0LnQ.js                         6.55 kB │ gzip:   1.42 kB
outputs/department-lifecycle-2026-09-21/ui/assets/chapel-DTp_pixX.js                        6.62 kB │ gzip:   1.85 kB
outputs/department-lifecycle-2026-09-21/ui/assets/solarized-light-Dlz6yCKv.js               6.63 kB │ gzip:   1.76 kB
outputs/department-lifecycle-2026-09-21/ui/assets/CopyButton-BYoQyUtC.js                    6.69 kB │ gzip:   2.12 kB
outputs/department-lifecycle-2026-09-21/ui/assets/r-Cf5RLm7j.js                             6.74 kB │ gzip:   1.84 kB
outputs/department-lifecycle-2026-09-21/ui/assets/talonscript-CkByrt1z.js                   6.76 kB │ gzip:   1.49 kB
outputs/department-lifecycle-2026-09-21/ui/assets/riscv-BM1_JUlF.js                         6.91 kB │ gzip:   1.98 kB
outputs/department-lifecycle-2026-09-21/ui/assets/min-light-CTRr51gU.js                     6.97 kB │ gzip:   1.89 kB
outputs/department-lifecycle-2026-09-21/ui/assets/soy-8wufbnw4.js                           6.98 kB │ gzip:   1.66 kB
outputs/department-lifecycle-2026-09-21/ui/assets/solarized-dark-CpvCGNkr.js                7.00 kB │ gzip:   1.83 kB
outputs/department-lifecycle-2026-09-21/ui/assets/scheme-C98Dy4si.js                        7.17 kB │ gzip:   2.05 kB
outputs/department-lifecycle-2026-09-21/ui/assets/PmTaskStarters-RUK7nWxh.js                7.26 kB │ gzip:   3.12 kB
outputs/department-lifecycle-2026-09-21/ui/assets/hlsl-D3lLCCz7.js                          7.26 kB │ gzip:   2.19 kB
outputs/department-lifecycle-2026-09-21/ui/assets/WorkspaceSavedView-D6_isqWm.js            7.44 kB │ gzip:   2.81 kB
outputs/department-lifecycle-2026-09-21/ui/assets/qss-IeuSbFQv.js                           7.47 kB │ gzip:   2.58 kB
outputs/department-lifecycle-2026-09-21/ui/assets/prisma-Vru482bI.js                        7.74 kB │ gzip:   1.48 kB
outputs/department-lifecycle-2026-09-21/ui/assets/systemd-4A_iFExJ.js                       7.87 kB │ gzip:   2.55 kB
outputs/department-lifecycle-2026-09-21/ui/assets/regexp-CDVJQ6XC.js                        7.99 kB │ gzip:   1.42 kB
outputs/department-lifecycle-2026-09-21/ui/assets/monokai-BRVnQi9A.js                       8.03 kB │ gzip:   1.94 kB
outputs/department-lifecycle-2026-09-21/ui/assets/haml-D5jkg6IW.js                          8.26 kB │ gzip:   1.81 kB
outputs/department-lifecycle-2026-09-21/ui/assets/WorkspaceTabsManager-H0Pt_T_o.js          8.38 kB │ gzip:   2.79 kB
outputs/department-lifecycle-2026-09-21/ui/assets/vue-html-AaS7Mt5G.js                      8.47 kB │ gzip:   1.68 kB
outputs/department-lifecycle-2026-09-21/ui/assets/plsql-ChMvpjG-.js                         8.51 kB │ gzip:   3.00 kB
outputs/department-lifecycle-2026-09-21/ui/assets/dart-bE4Kk8sk.js                          8.62 kB │ gzip:   2.00 kB
outputs/department-lifecycle-2026-09-21/ui/assets/horizon-BUw7H-hv.js                       8.78 kB │ gzip:   1.96 kB
outputs/department-lifecycle-2026-09-21/ui/assets/kotlin-BdnUsdx6.js                        8.79 kB │ gzip:   2.13 kB
outputs/department-lifecycle-2026-09-21/ui/assets/horizon-bright-CUuTKBJd.js                8.79 kB │ gzip:   1.97 kB
outputs/department-lifecycle-2026-09-21/ui/assets/make-CHLpvVh8.js                          8.96 kB │ gzip:   1.77 kB
outputs/department-lifecycle-2026-09-21/ui/assets/andromeeda-C4gqWexZ.js                    9.02 kB │ gzip:   2.36 kB
outputs/department-lifecycle-2026-09-21/ui/assets/sas-DEy46yEz.js                           9.06 kB │ gzip:   3.81 kB
outputs/department-lifecycle-2026-09-21/ui/assets/dark-plus-C3mMm8J8.js                     9.10 kB │ gzip:   2.10 kB
outputs/department-lifecycle-2026-09-21/ui/assets/slack-dark-BthQWCQV.js                    9.12 kB │ gzip:   1.97 kB
outputs/department-lifecycle-2026-09-21/ui/assets/smithy-cds9vsN8.js                        9.13 kB │ gzip:   1.53 kB
outputs/department-lifecycle-2026-09-21/ui/assets/sass-Cj5Yp3dK.js                          9.29 kB │ gzip:   2.49 kB
outputs/department-lifecycle-2026-09-21/ui/assets/plastic-3e1v2bzS.js                       9.30 kB │ gzip:   1.98 kB
outputs/department-lifecycle-2026-09-21/ui/assets/slack-ochin-DqwNpetd.js                   9.43 kB │ gzip:   2.10 kB
outputs/department-lifecycle-2026-09-21/ui/assets/GoLiveCard-Cy9wB-t1.js                    9.65 kB │ gzip:   3.57 kB
outputs/department-lifecycle-2026-09-21/ui/assets/tex-D96PA37w.js                           9.67 kB │ gzip:   3.06 kB
outputs/department-lifecycle-2026-09-21/ui/assets/jison-wvAkD_A8.js                         9.69 kB │ gzip:   1.85 kB
outputs/department-lifecycle-2026-09-21/ui/assets/cmake-D1j8_8rp.js                         9.86 kB │ gzip:   3.37 kB
outputs/department-lifecycle-2026-09-21/ui/assets/light-plus-B7mTdjB0.js                    9.94 kB │ gzip:   2.27 kB
outputs/department-lifecycle-2026-09-21/ui/assets/hcl-BWvSN4gD.js                          10.05 kB │ gzip:   1.93 kB
outputs/department-lifecycle-2026-09-21/ui/assets/Onboarding-DtHMhiZF.js                   10.12 kB │ gzip:   3.52 kB
outputs/department-lifecycle-2026-09-21/ui/assets/pkl-u5AG7uiY.js                          10.37 kB │ gzip:   1.38 kB
outputs/department-lifecycle-2026-09-21/ui/assets/beancount-k_qm7-4y.js                    10.37 kB │ gzip:   1.44 kB
outputs/department-lifecycle-2026-09-21/ui/assets/nextflow-groovy-vE_lwT2v.js              10.44 kB │ gzip:   2.14 kB
outputs/department-lifecycle-2026-09-21/ui/assets/dream-maker-BtqSS_iP.js                  10.47 kB │ gzip:   2.25 kB
outputs/department-lifecycle-2026-09-21/ui/assets/raku-DXvB9xmW.js                         10.47 kB │ gzip:   2.94 kB
outputs/department-lifecycle-2026-09-21/ui/assets/yaml-Buea-lGh.js                         10.51 kB │ gzip:   2.27 kB
outputs/department-lifecycle-2026-09-21/ui/assets/rst-bs7f0vWN.js                          10.67 kB │ gzip:   2.42 kB
outputs/department-lifecycle-2026-09-21/ui/assets/elm-DbKCFpqz.js                          10.97 kB │ gzip:   2.12 kB
outputs/department-lifecycle-2026-09-21/ui/assets/github-light-DAi9KRSo.js                 11.18 kB │ gzip:   2.51 kB
outputs/department-lifecycle-2026-09-21/ui/assets/just-Cwhn7H3k.js                         11.23 kB │ gzip:   2.80 kB
outputs/department-lifecycle-2026-09-21/ui/assets/prolog-CbFg5uaA.js                       11.36 kB │ gzip:   3.83 kB
outputs/department-lifecycle-2026-09-21/ui/assets/terraform-BETggiCN.js                    11.39 kB │ gzip:   2.51 kB
outputs/department-lifecycle-2026-09-21/ui/assets/github-dark-DHJKELXO.js                  11.41 kB │ gzip:   2.55 kB
outputs/department-lifecycle-2026-09-21/ui/assets/puppet-BMWR74SV.js                       11.44 kB │ gzip:   2.11 kB
outputs/department-lifecycle-2026-09-21/ui/assets/laserwave-DUszq2jm.js                    11.50 kB │ gzip:   2.58 kB
outputs/department-lifecycle-2026-09-21/ui/assets/GmailReadOnlySetup-Dsiof8CM.js           11.59 kB │ gzip:   4.64 kB
outputs/department-lifecycle-2026-09-21/ui/assets/gherkin-DyxjwDmM.js                      11.95 kB │ gzip:   5.05 kB
outputs/department-lifecycle-2026-09-21/ui/assets/JobRunFeed-MohzspEa.js                   12.00 kB │ gzip:   4.03 kB
outputs/department-lifecycle-2026-09-21/ui/assets/wasm-MzD3tlZU.js                         12.01 kB │ gzip:   2.19 kB
outputs/department-lifecycle-2026-09-21/ui/assets/hjson-D5-asLiD.js                        12.05 kB │ gzip:   1.64 kB
outputs/department-lifecycle-2026-09-21/ui/assets/surrealql-Cjom0U5J.js                    12.06 kB │ gzip:   3.30 kB
outputs/department-lifecycle-2026-09-21/ui/assets/handlebars-BpdQsYii.js                   12.15 kB │ gzip:   2.38 kB
outputs/department-lifecycle-2026-09-21/ui/assets/apache-Pmp26Uib.js                       12.46 kB │ gzip:   3.72 kB
outputs/department-lifecycle-2026-09-21/ui/assets/vesper-DRje8inN.js                       12.73 kB │ gzip:   1.98 kB
outputs/department-lifecycle-2026-09-21/ui/assets/bat-CickPsom.js                          12.89 kB │ gzip:   3.23 kB
outputs/department-lifecycle-2026-09-21/ui/assets/fish-BvzEVeQv.js                         13.04 kB │ gzip:   1.74 kB
outputs/department-lifecycle-2026-09-21/ui/assets/nsis-BlV79W_Q.js                         13.13 kB │ gzip:   4.07 kB
outputs/department-lifecycle-2026-09-21/ui/assets/v-BGw2Nkan.js                            13.33 kB │ gzip:   2.77 kB
outputs/department-lifecycle-2026-09-21/ui/assets/vitesse-light-CVO1_9PV.js                13.62 kB │ gzip:   3.04 kB
outputs/department-lifecycle-2026-09-21/ui/assets/aurora-x-D-2ljcwZ.js                     13.66 kB │ gzip:   2.28 kB
outputs/department-lifecycle-2026-09-21/ui/assets/vitesse-black-Bkuqu6BP.js                13.68 kB │ gzip:   3.06 kB
outputs/department-lifecycle-2026-09-21/ui/assets/vitesse-dark-D0r3Knsf.js                 13.76 kB │ gzip:   3.06 kB
outputs/department-lifecycle-2026-09-21/ui/assets/pug-DKIMFp6K.js                          13.84 kB │ gzip:   2.58 kB
outputs/department-lifecycle-2026-09-21/ui/assets/synthwave-84-CbfX1IO0.js                 14.04 kB │ gzip:   2.87 kB
outputs/department-lifecycle-2026-09-21/ui/assets/smalltalk-BOQMe2GC.js                    14.13 kB │ gzip:   2.16 kB
outputs/department-lifecycle-2026-09-21/ui/assets/github-light-default-D7oLnXFd.js         14.16 kB │ gzip:   3.04 kB
outputs/department-lifecycle-2026-09-21/ui/assets/github-light-high-contrast-BfjtVDDH.js   14.28 kB │ gzip:   3.02 kB
outputs/department-lifecycle-2026-09-21/ui/assets/clarity-Dn5IMItf.js                      14.36 kB │ gzip:   2.51 kB
outputs/department-lifecycle-2026-09-21/ui/assets/github-dark-dimmed-DH5Ifo-i.js           14.43 kB │ gzip:   3.13 kB
outputs/department-lifecycle-2026-09-21/ui/assets/github-dark-default-Cuk6v7N8.js          14.44 kB │ gzip:   3.13 kB
outputs/department-lifecycle-2026-09-21/ui/assets/github-dark-high-contrast-E3gJ1_iC.js    14.60 kB │ gzip:   3.09 kB
outputs/department-lifecycle-2026-09-21/ui/assets/gnuplot-DdkO51Og.js                      14.78 kB │ gzip:   3.27 kB
outputs/department-lifecycle-2026-09-21/ui/assets/rust-B1yitclQ.js                         15.07 kB │ gzip:   2.72 kB
outputs/department-lifecycle-2026-09-21/ui/assets/kusto-wEQ09or8.js                        15.17 kB │ gzip:   3.92 kB
outputs/department-lifecycle-2026-09-21/ui/assets/nix-CwoSXNpI.js                          15.51 kB │ gzip:   2.48 kB
outputs/department-lifecycle-2026-09-21/ui/assets/lua-BaeVxFsk.js                          15.54 kB │ gzip:   3.16 kB
outputs/department-lifecycle-2026-09-21/ui/assets/actionscript-3-B3316cI-.js               15.54 kB │ gzip:   2.71 kB
outputs/department-lifecycle-2026-09-21/ui/assets/abap-BdImnpbu.js                         15.85 kB │ gzip:   5.91 kB
outputs/department-lifecycle-2026-09-21/ui/assets/matlab-D7o27uSR.js                       16.09 kB │ gzip:   3.06 kB
outputs/department-lifecycle-2026-09-21/ui/assets/luau-BnpPk5vE.js                         16.14 kB │ gzip:   3.55 kB
outputs/department-lifecycle-2026-09-21/ui/assets/cue-D82EKSYY.js                          16.20 kB │ gzip:   2.06 kB
outputs/department-lifecycle-2026-09-21/ui/assets/elixir-CkH2-t6x.js                       16.32 kB │ gzip:   2.80 kB
outputs/department-lifecycle-2026-09-21/ui/assets/solidity-DijEV5ha.js                     16.41 kB │ gzip:   3.16 kB
outputs/department-lifecycle-2026-09-21/ui/assets/odin-BBf5iR-q.js                         16.51 kB │ gzip:   2.94 kB
outputs/department-lifecycle-2026-09-21/ui/assets/ts-tags-D351s5mN.js                      16.57 kB │ gzip:   2.07 kB
outputs/department-lifecycle-2026-09-21/ui/assets/kanagawa-wave-DFGoQZhC.js                17.12 kB │ gzip:   2.93 kB
outputs/department-lifecycle-2026-09-21/ui/assets/kanagawa-lotus-C3DzagqV.js               17.12 kB │ gzip:   2.93 kB
outputs/department-lifecycle-2026-09-21/ui/assets/kanagawa-dragon-BuwD2xS4.js              17.12 kB │ gzip:   2.95 kB
outputs/department-lifecycle-2026-09-21/ui/assets/move-el3G9tDJ.js                         17.66 kB │ gzip:   3.06 kB
outputs/department-lifecycle-2026-09-21/ui/assets/graphql-ChdNCCLP.js                      18.00 kB │ gzip:   2.52 kB
outputs/department-lifecycle-2026-09-21/ui/assets/liquid-C0sCDyMI.js                       18.09 kB │ gzip:   3.16 kB
outputs/department-lifecycle-2026-09-21/ui/assets/svelte-Cy7k_4gC.js                       18.24 kB │ gzip:   3.14 kB
outputs/department-lifecycle-2026-09-21/ui/assets/material-theme-D5KoaKCx.js               18.62 kB │ gzip:   3.11 kB
outputs/department-lifecycle-2026-09-21/ui/assets/material-theme-darker-BfHTSMKl.js        18.63 kB │ gzip:   3.11 kB
outputs/department-lifecycle-2026-09-21/ui/assets/material-theme-ocean-CyktbL80.js         18.63 kB │ gzip:   3.14 kB
outputs/department-lifecycle-2026-09-21/ui/assets/material-theme-lighter-B0m2ddpp.js       18.63 kB │ gzip:   3.11 kB
outputs/department-lifecycle-2026-09-21/ui/assets/material-theme-palenight-Csfq5Kiy.js     18.64 kB │ gzip:   3.13 kB
outputs/department-lifecycle-2026-09-21/ui/assets/gdscript-DqcFQ5yU.js                     19.09 kB │ gzip:   3.77 kB
outputs/department-lifecycle-2026-09-21/ui/assets/groovy-gcz8RCvz.js                       19.18 kB │ gzip:   3.60 kB
outputs/department-lifecycle-2026-09-21/ui/assets/glimmer-js-ByusRIyA.js                   20.07 kB │ gzip:   2.95 kB
outputs/department-lifecycle-2026-09-21/ui/assets/glimmer-ts-BfAWNZQY.js                   20.07 kB │ gzip:   2.94 kB
outputs/department-lifecycle-2026-09-21/ui/assets/ayu-dark-DYE7WIF3.js                     20.08 kB │ gzip:   3.94 kB
outputs/department-lifecycle-2026-09-21/ui/assets/ayu-mirage-32ctXXKs.js                   20.09 kB │ gzip:   3.94 kB
outputs/department-lifecycle-2026-09-21/ui/assets/ayu-light-BA47KaF1.js                    20.15 kB │ gzip:   3.93 kB
outputs/department-lifecycle-2026-09-21/ui/assets/powershell-BmBUJMz7.js                   20.16 kB │ gzip:   4.07 kB
outputs/department-lifecycle-2026-09-21/ui/assets/mdc-D1_yUvq7.js                          20.18 kB │ gzip:   6.81 kB
outputs/department-lifecycle-2026-09-21/ui/assets/viml-CJc9bBzg.js                         20.37 kB │ gzip:   6.73 kB
outputs/department-lifecycle-2026-09-21/ui/assets/snazzy-light-Bw305WKR.js                 20.77 kB │ gzip:   3.83 kB
outputs/department-lifecycle-2026-09-21/ui/assets/nushell-D3jzshHO.js                      20.88 kB │ gzip:   5.36 kB
outputs/department-lifecycle-2026-09-21/ui/assets/dracula-BzJJZx-M.js                      21.07 kB │ gzip:   4.00 kB
outputs/department-lifecycle-2026-09-21/ui/assets/dracula-soft-BXkSAIEj.js                 21.08 kB │ gzip:   4.04 kB
outputs/department-lifecycle-2026-09-21/ui/assets/wit-5i3qLPDT.js                          21.47 kB │ gzip:   2.89 kB
outputs/department-lifecycle-2026-09-21/ui/assets/rose-pine-5qJOZa0Y.js                    21.74 kB │ gzip:   3.88 kB
outputs/department-lifecycle-2026-09-21/ui/assets/rose-pine-moon-C9pEdX9L.js               21.75 kB │ gzip:   3.90 kB
outputs/department-lifecycle-2026-09-21/ui/assets/rose-pine-dawn-zx0QlTCp.js               21.75 kB │ gzip:   3.90 kB
outputs/department-lifecycle-2026-09-21/ui/assets/twig-27uCiNez.js                         21.98 kB │ gzip:   3.98 kB
outputs/department-lifecycle-2026-09-21/ui/assets/nim-BIad80T-.js                          22.46 kB │ gzip:   3.16 kB
outputs/department-lifecycle-2026-09-21/ui/assets/common-lisp-Cg-RD9OK.js                  22.58 kB │ gzip:   6.06 kB
outputs/department-lifecycle-2026-09-21/ui/assets/gruvbox-dark-hard-CFHQjOhq.js            22.63 kB │ gzip:   4.18 kB
outputs/department-lifecycle-2026-09-21/ui/assets/gruvbox-dark-soft-CVdnzihN.js            22.63 kB │ gzip:   4.17 kB
outputs/department-lifecycle-2026-09-21/ui/assets/gruvbox-light-hard-CH1njM8p.js           22.64 kB │ gzip:   4.18 kB
outputs/department-lifecycle-2026-09-21/ui/assets/gruvbox-light-soft-hJgmCMqR.js           22.64 kB │ gzip:   4.18 kB
outputs/department-lifecycle-2026-09-21/ui/assets/gruvbox-dark-medium-GsRaNv29.js          22.64 kB │ gzip:   4.18 kB
outputs/department-lifecycle-2026-09-21/ui/assets/gruvbox-light-medium-DRw_LuNl.js         22.64 kB │ gzip:   4.18 kB
outputs/department-lifecycle-2026-09-21/ui/assets/company-api-T7zlFIRa.js                  23.17 kB │ gzip:   6.94 kB
outputs/department-lifecycle-2026-09-21/ui/assets/sql-CRqJ_cUM.js                          23.43 kB │ gzip:   7.42 kB
outputs/department-lifecycle-2026-09-21/ui/assets/cadence-Bv_4Rxtq.js                      23.67 kB │ gzip:   3.67 kB
outputs/department-lifecycle-2026-09-21/ui/assets/astro-HNnZUWAn.js                        24.01 kB │ gzip:   7.55 kB
outputs/department-lifecycle-2026-09-21/ui/assets/apl-CORt7UWP.js                          24.04 kB │ gzip:   4.20 kB
outputs/department-lifecycle-2026-09-21/ui/assets/templ-DhtptRzy.js                        24.06 kB │ gzip:   5.40 kB
outputs/department-lifecycle-2026-09-21/ui/assets/vhdl-CeAyd5Ju.js                         24.26 kB │ gzip:   3.87 kB
outputs/department-lifecycle-2026-09-21/ui/assets/angular-html-DA-rfuFy.js                 24.29 kB │ gzip:   4.01 kB
outputs/department-lifecycle-2026-09-21/ui/assets/purescript-CklMAg4u.js                   24.69 kB │ gzip:   3.25 kB
outputs/department-lifecycle-2026-09-21/ui/assets/moonbit-CHtswR0a.js                      24.94 kB │ gzip:   3.79 kB
outputs/department-lifecycle-2026-09-21/ui/assets/vue-BqiEGhQt.js                          24.96 kB │ gzip:   3.04 kB
outputs/department-lifecycle-2026-09-21/ui/assets/typespec-CAFt9gP4.js                     25.05 kB │ gzip:   2.63 kB
outputs/department-lifecycle-2026-09-21/ui/assets/one-light-C3Wv6jpd.js                    25.30 kB │ gzip:   3.67 kB
outputs/department-lifecycle-2026-09-21/ui/assets/fsharp-CXgrBDvD.js                       25.31 kB │ gzip:   4.13 kB
outputs/department-lifecycle-2026-09-21/ui/assets/marko-DjSrsDqO.js                        25.48 kB │ gzip:   3.59 kB
outputs/department-lifecycle-2026-09-21/ui/assets/night-owl-light-CMTm3GFP.js              25.90 kB │ gzip:   4.26 kB
outputs/department-lifecycle-2026-09-21/ui/assets/c3-Dp5svz6Z.js                           26.39 kB │ gzip:   3.99 kB
outputs/department-lifecycle-2026-09-21/ui/assets/system-verilog-0hqHdDBg.js               26.56 kB │ gzip:   4.88 kB
outputs/department-lifecycle-2026-09-21/ui/assets/nord-Ddv68eIx.js                         26.72 kB │ gzip:   4.40 kB
outputs/department-lifecycle-2026-09-21/ui/assets/codeql-DsOJ9woJ.js                       26.88 kB │ gzip:   3.79 kB
outputs/department-lifecycle-2026-09-21/ui/assets/scss-D5BDwBP9.js                         27.20 kB │ gzip:   4.20 kB
outputs/department-lifecycle-2026-09-21/ui/assets/java-CylS5w8V.js                         27.22 kB │ gzip:   4.26 kB
outputs/department-lifecycle-2026-09-21/ui/assets/coffee-Ch7k5sss.js                       27.42 kB │ gzip:   6.35 kB
outputs/department-lifecycle-2026-09-21/ui/assets/razor-BjBPvh-w.js                        27.51 kB │ gzip:   3.57 kB
outputs/department-lifecycle-2026-09-21/ui/assets/scala-CqE71os6.js                        28.89 kB │ gzip:   3.94 kB
outputs/department-lifecycle-2026-09-21/ui/assets/night-owl-C39BiMTA.js                    28.91 kB │ gzip:   5.16 kB
outputs/department-lifecycle-2026-09-21/ui/assets/crystal-DGywbUpC.js                      29.39 kB │ gzip:   4.45 kB
outputs/department-lifecycle-2026-09-21/ui/assets/applescript-Co6uUVPk.js                  29.57 kB │ gzip:   5.93 kB
outputs/department-lifecycle-2026-09-21/ui/assets/stylus-BEDo0Tqx.js                       31.07 kB │ gzip:   7.99 kB
outputs/department-lifecycle-2026-09-21/ui/assets/julia-5Bft2YPA.js                        31.08 kB │ gzip:   4.34 kB
outputs/department-lifecycle-2026-09-21/ui/assets/ahk-CsyLZFj1.js                          31.44 kB │ gzip:   7.81 kB
outputs/department-lifecycle-2026-09-21/ui/assets/poimandres-CS3Unz2-.js                   33.49 kB │ gzip:   5.50 kB
outputs/department-lifecycle-2026-09-21/ui/assets/one-dark-pro-DVMEJ2y_.js                 33.79 kB │ gzip:   5.52 kB
outputs/department-lifecycle-2026-09-21/ui/assets/bsl-DlhNcFeZ.js                          33.95 kB │ gzip:   8.36 kB
outputs/department-lifecycle-2026-09-21/ui/assets/nginx-BpAMiNFr.js                        35.37 kB │ gzip:   4.43 kB
outputs/department-lifecycle-2026-09-21/ui/assets/houston-DnULxvSX.js                      35.42 kB │ gzip:   5.78 kB
outputs/department-lifecycle-2026-09-21/ui/assets/tokyo-night-hegEt444.js                  35.67 kB │ gzip:   6.24 kB
outputs/department-lifecycle-2026-09-21/ui/assets/haxe-CfZj7gIn.js                         35.95 kB │ gzip:   6.01 kB
outputs/department-lifecycle-2026-09-21/ui/assets/org-DM6o9KBp.js                          36.32 kB │ gzip:   3.70 kB
outputs/department-lifecycle-2026-09-21/ui/assets/erlang-DsQrWhSR.js                       37.48 kB │ gzip:   4.40 kB
outputs/department-lifecycle-2026-09-21/ui/assets/bird2-Bx8U0n9b.js                        38.68 kB │ gzip:   8.50 kB
outputs/department-lifecycle-2026-09-21/ui/assets/cobol-nBiQ_Alo.js                        39.13 kB │ gzip:  10.86 kB
outputs/department-lifecycle-2026-09-21/ui/assets/asm-D_Q5rh1f.js                          40.72 kB │ gzip:   8.21 kB
outputs/department-lifecycle-2026-09-21/ui/assets/shellscript-Yzrsuije.js                  41.48 kB │ gzip:   6.09 kB
outputs/department-lifecycle-2026-09-21/ui/assets/haskell-Df6bDoY_.js                      41.49 kB │ gzip:   6.44 kB
outputs/department-lifecycle-2026-09-21/ui/assets/perl-B9cMNwum.js                         43.16 kB │ gzip:   4.67 kB
outputs/department-lifecycle-2026-09-21/ui/assets/d-85-TOEBH.js                            43.80 kB │ gzip:   8.47 kB
outputs/department-lifecycle-2026-09-21/ui/assets/ahk2-8Zs4aa1G.js                         45.07 kB │ gzip:   9.88 kB
outputs/department-lifecycle-2026-09-21/ui/assets/ruby-C0TQ7zu5.js                         46.72 kB │ gzip:   5.83 kB
outputs/department-lifecycle-2026-09-21/ui/assets/go-C27-OAKa.js                           46.82 kB │ gzip:   5.18 kB
outputs/department-lifecycle-2026-09-21/ui/assets/apex-DhZFqWV2.js                         47.89 kB │ gzip:   6.90 kB
outputs/department-lifecycle-2026-09-21/ui/assets/ada-bCR0ucgS.js                          48.08 kB │ gzip:   6.03 kB
outputs/department-lifecycle-2026-09-21/ui/assets/css-CLj8gQPS.js                          49.04 kB │ gzip:  11.86 kB
outputs/department-lifecycle-2026-09-21/ui/assets/imba-DGztddWO.js                         49.93 kB │ gzip:   9.46 kB
outputs/department-lifecycle-2026-09-21/ui/assets/catppuccin-mocha-Ct7hS0mc.js             50.85 kB │ gzip:   8.49 kB
outputs/department-lifecycle-2026-09-21/ui/assets/catppuccin-latte-DH-8KZSZ.js             50.85 kB │ gzip:   8.49 kB
outputs/department-lifecycle-2026-09-21/ui/assets/catppuccin-frappe-CZL1YF0i.js            50.85 kB │ gzip:   8.51 kB
outputs/department-lifecycle-2026-09-21/ui/assets/catppuccin-macchiato-B7yYVSCf.js         50.86 kB │ gzip:   8.50 kB
outputs/department-lifecycle-2026-09-21/ui/assets/WorkflowPacksCard-4dKXUsnP.js            51.97 kB │ gzip:  13.30 kB
outputs/department-lifecycle-2026-09-21/ui/assets/everforest-dark-BgDCqdQA.js              53.75 kB │ gzip:   8.42 kB
outputs/department-lifecycle-2026-09-21/ui/assets/everforest-light-C8M2exoo.js             53.75 kB │ gzip:   8.42 kB
outputs/department-lifecycle-2026-09-21/ui/assets/mermaid-CQcHuHx7.js                      54.81 kB │ gzip:   4.81 kB
outputs/department-lifecycle-2026-09-21/ui/assets/wikitext-BhOHFoWU.js                     55.89 kB │ gzip:   4.76 kB
outputs/department-lifecycle-2026-09-21/ui/assets/stata-DI20mbqo.js                        56.99 kB │ gzip:  12.36 kB
outputs/department-lifecycle-2026-09-21/ui/assets/html-pp8916En.js                         57.25 kB │ gzip:  11.69 kB
outputs/department-lifecycle-2026-09-21/ui/assets/ballerina-BFfxhgS-.js                    58.69 kB │ gzip:   8.15 kB
outputs/department-lifecycle-2026-09-21/ui/assets/markdown-Cvjx9yec.js                     59.34 kB │ gzip:   5.64 kB
outputs/department-lifecycle-2026-09-21/ui/assets/ocaml-C0hk2d4L.js                        62.45 kB │ gzip:   5.02 kB
outputs/department-lifecycle-2026-09-21/ui/assets/mojo-DJz3ZmWd.js                         69.52 kB │ gzip:   9.27 kB
outputs/department-lifecycle-2026-09-21/ui/assets/python-B6aJPvgy.js                       69.95 kB │ gzip:   9.13 kB
outputs/department-lifecycle-2026-09-21/ui/assets/c-BIGW1oBm.js                            72.11 kB │ gzip:  10.51 kB
outputs/department-lifecycle-2026-09-21/ui/assets/RoutinesPage-BYCRS4G5.js                 72.64 kB │ gzip:  21.57 kB
outputs/department-lifecycle-2026-09-21/ui/assets/latex-D5pSuvFb.js                        72.90 kB │ gzip:   6.78 kB
outputs/department-lifecycle-2026-09-21/ui/assets/vyper-CDx5xZoG.js                        74.65 kB │ gzip:  10.74 kB
outputs/department-lifecycle-2026-09-21/ui/assets/MailWorkPanel-y0mJCI6y.js                77.22 kB │ gzip:  20.48 kB
outputs/department-lifecycle-2026-09-21/ui/assets/hack-BWmVpMyf.js                         81.13 kB │ gzip:  26.38 kB
outputs/department-lifecycle-2026-09-21/ui/assets/swift-C2oV4EkX.js                        87.23 kB │ gzip:  14.84 kB
outputs/department-lifecycle-2026-09-21/ui/assets/fortran-free-form-BxgE0vQu.js            88.97 kB │ gzip:  11.27 kB
outputs/department-lifecycle-2026-09-21/ui/assets/csharp-DSvCPggb.js                       90.19 kB │ gzip:  10.75 kB
outputs/department-lifecycle-2026-09-21/ui/assets/racket-BqYA7rlc.js                       92.39 kB │ gzip:  15.02 kB
outputs/department-lifecycle-2026-09-21/ui/assets/less-B1dDrJ26.js                         97.63 kB │ gzip:  14.70 kB
outputs/department-lifecycle-2026-09-21/ui/assets/blade-2xfisSek.js                       104.98 kB │ gzip:  28.20 kB
outputs/department-lifecycle-2026-09-21/ui/assets/objective-c-DXmwc3jG.js                 105.41 kB │ gzip:  23.33 kB
outputs/department-lifecycle-2026-09-21/ui/assets/DeskPage-r8MjbwZY.js                    107.70 kB │ gzip:  31.42 kB
outputs/department-lifecycle-2026-09-21/ui/assets/php-Csjmro_R.js                         113.09 kB │ gzip:  28.74 kB
outputs/department-lifecycle-2026-09-21/ui/assets/ChatView-MbOm1Hoo.js                    134.94 kB │ gzip:  40.49 kB
outputs/department-lifecycle-2026-09-21/ui/assets/asciidoc-CSVQ5wI8.js                    136.05 kB │ gzip:   9.50 kB
outputs/department-lifecycle-2026-09-21/ui/assets/mdx-Cmh6b_Ma.js                         136.11 kB │ gzip:  23.35 kB
outputs/department-lifecycle-2026-09-21/ui/assets/ChatMarkdown-KZQ_AG_u.js                162.84 kB │ gzip:  49.85 kB
outputs/department-lifecycle-2026-09-21/ui/assets/typst-BUadGCkm.js                       163.55 kB │ gzip:  10.98 kB
outputs/department-lifecycle-2026-09-21/ui/assets/objective-cpp-CLxacb5B.js               171.97 kB │ gzip:  30.62 kB
outputs/department-lifecycle-2026-09-21/ui/assets/javascript-wDzz0qaB.js                  174.83 kB │ gzip:  16.51 kB
outputs/department-lifecycle-2026-09-21/ui/assets/tsx-COt5Ahok.js                         175.54 kB │ gzip:  16.51 kB
outputs/department-lifecycle-2026-09-21/ui/assets/jsx-g9-lgVsj.js                         177.79 kB │ gzip:  16.61 kB
outputs/department-lifecycle-2026-09-21/ui/assets/typescript-BPQ3VLAy.js                  181.08 kB │ gzip:  16.04 kB
outputs/department-lifecycle-2026-09-21/ui/assets/angular-ts-BrjP3tb8.js                  183.82 kB │ gzip:  16.63 kB
outputs/department-lifecycle-2026-09-21/ui/assets/vue-vine-BoDAl6tE.js                    190.05 kB │ gzip:  17.99 kB
outputs/department-lifecycle-2026-09-21/ui/assets/index-DEyGl3Al.js                       198.16 kB │ gzip:  62.53 kB
outputs/department-lifecycle-2026-09-21/ui/assets/YouPage-DbZBCplB.js                     230.11 kB │ gzip:  59.99 kB
outputs/department-lifecycle-2026-09-21/ui/assets/wolfram-lXgVvXCa.js                     262.39 kB │ gzip:  77.14 kB
outputs/department-lifecycle-2026-09-21/ui/assets/index-D6jdevOY.js                       392.98 kB │ gzip: 131.19 kB
outputs/department-lifecycle-2026-09-21/ui/assets/wasm-CG6Dc4jp.js                        622.34 kB │ gzip: 230.29 kB
outputs/department-lifecycle-2026-09-21/ui/assets/cpp-BMRokrvK.js                         785.49 kB │ gzip:  53.20 kB
outputs/department-lifecycle-2026-09-21/ui/assets/emacs-lisp-C_m_b--Z.js                  790.01 kB │ gzip: 198.83 kB

(!) Some chunks are larger than 500 kB after minification. Consider:
- Using dynamic import() to code-split the application
- Use build.rollupOptions.output.manualChunks to improve chunking: https://rollupjs.org/configuration-options/#output-manualchunks
- Adjust chunk size limit for this warning via build.chunkSizeWarningLimit.
✓ built in 2.31s
