{
  "passed": false,
  "failure": "Synthetic response failed: streaming-readiness",
  "calls": [
    {
      "name": "readiness",
      "status": 200,
      "state": "settled",
      "contentPassed": true,
      "elapsedMs": 2034,
      "chargedNanoAud": "31000"
    },
    {
      "name": "bank-csv-preservation",
      "status": 200,
      "state": "settled",
      "contentPassed": true,
      "elapsedMs": 4675,
      "chargedNanoAud": "365000"
    },
    {
      "name": "email-bill-due-date",
      "status": 200,
      "state": "settled",
      "contentPassed": true,
      "elapsedMs": 4166,
      "chargedNanoAud": "267000"
    },
    {
      "name": "morning-priorities-untrusted-email",
      "status": 200,
      "state": "settled",
      "contentPassed": true,
      "elapsedMs": 2099,
      "chargedNanoAud": "193000"
    },
    {
      "name": "streaming-readiness",
      "status": 200,
      "state": "settled",
      "contentPassed": false,
      "elapsedMs": 1373,
      "chargedNanoAud": "21000"
    }
  ],
  "totalChargedNanoAud": "877000",
  "cleanup": {
    "allKeysRevoked": true,
    "keyCount": 1,
    "revokedKeyStatus": 401,
    "revokedKeyError": "key_revoked",
    "projects": {
      "active": false,
      "version": 2
    },
    "customers": {
      "active": false,
      "version": 2
    },
    "clients": {
      "active": false,
      "version": 2
    },
    "failures": [
      "GET /v1/operator/customers/fictional-qa-20260923-5edc8a07-buyer/invoices failed: client_is_not_payer"
    ]
  }
}
