✔ projects the signed-in office contract, its digest and only acceptance status (1.552666ms)
✔ wrong tenant, month, digest or acceptance cannot become an offer (1.668042ms)
✔ GET is private, same-tenant, read-only for billing readers and hides private upstream fields (159.98025ms)
✔ origin, session, role and company changes fail before terms or acceptance access (1.080125ms)
✔ POST rejects stale, oversized, malformed and extra-field browser quotes before mutation (1.837459ms)
✔ POST rechecks the current quote and verifies persisted acceptance before success (93.179375ms)
✔ changed quote, mismatched tenant, oversized response and unverified write never show acceptance (81.92625ms)
✔ only the gateway's exact missing-terms code becomes a not-yet-issued month (2.248417ms)
✔ internal owner use shows no offer or acceptance, while unknown gateway 403 stays generic (2.219125ms)
✔ mapping issue and redeem hash the pre-saved handle and bind exact target and response (23.69825ms)
✔ browser identity, purpose and extra fields cannot decorate mapping input (0.61ms)
✔ unmatched, extended or malformed backend receipts cannot become identity evidence (0.8235ms)
✔ denials are bounded and private; unavailable responses never leak diagnostics (6.652292ms)
✔ dedicated installed SDK sends only service credentials to fixed allowed HTTPS RPCs (8.596334ms)
✔ SDK response stream is bounded independently of content length and closes failed reads (1.674667ms)
✔ SDK deadline includes stalled response bodies and does not depend on fetch honoring abort (252.595833ms)
✔ every website config failure names its own fix (8.873833ms)
✔ operator secret check: present, 32+ characters and different from the portal secret (0.792541ms)
✔ every migration file has a schema probe, in filename order (34.523ms)
✔ schema check reports the first missing migration by filename and its customer-facing effect (0.497541ms)
✔ Modelvia check: pass, 401, client-id mismatch, redirect/timeout and not configured (236.822917ms)
✔ gateway check detects a REALBUD_GATEWAY_URL that points at Modelvia (1.162292ms)
✔ gateway check names the setting the gateway says is missing (0.627917ms)
✔ office checks: derived default, not found, inactive, zero cap and healthy, with one customer-list call (0.7835ms)
✔ no secret value appears in any result string, whatever the upstream echoes (1.734584ms)
✔ environment reads the shared Modelvia settings plus only the readiness extras (0.142125ms)
✔ persists an enquiry with a receipt, never contact data in the response (28.732833ms)
✔ simultaneous and lost-response retries save one record and return the same receipt (6.839584ms)
✔ invalid, cross-origin, bot and oversized requests never reach storage (1.240292ms)
✔ database outages do not acknowledge receipt or leak errors (5.908375ms)
✔ bounds abuse atomically while permitting an existing receipt to be retried (6.897541ms)
✔ SQL-shaped text remains data, with no public record retrieval (5.13175ms)
✔ www origin may post to the apex API (161.289625ms)
✔ missing, malformed or equal origins fail before any network or bearer (153.572791ms)
✔ a Modelvia alias cannot receive a RealBud portal request or bearer (0.884667ms)
✔ a verified RealBud service serves portal reads and shares a short identity proof (12.5485ms)
✔ parallel portal reads share one health probe, and a changed origin needs its own proof (43.965166ms)
✔ an unavailable identity is retried, and a mutation waits for service proof (0.486083ms)
✔ redirects, oversized health bodies and off-origin paths cannot authorize a portal call (0.367791ms)
✔ pairing credentials are random, bounded and validated (46.751959ms)
✔ reports require explicit readiness and bounded version text (0.091709ms)
✔ old, missing and future check-ins never establish current readiness (15.794625ms)
✔ approval ids and display codes match the shared contract (1.204ms)
✔ the approval URL is built on the configured origin and nothing else (12.047042ms)
✔ sign-in may return only to an approval page (0.943959ms)
✔ the desktop's status answer is wrapped and validated against the contract (0.68175ms)
✔ a decision body names the approval id and nothing else (0.428417ms)
✔ the page view accepts only the SQL view shape (0.262208ms)
✔ errors are fixed sentences, never a raw database message (0.442416ms)
✔ the gateway envelope is validated with and without first-call secrets (2.634375ms)
✔ a first redeem provisions once and records identifiers, never secrets (8.233041ms)
✔ a failed authoritative record does not deliver secrets and attempts gateway cleanup (0.4445ms)
✔ a replayed gateway descriptor without one-time keys cannot make the portal appear provisioned (0.12625ms)
✔ a second or unavailable SQL claim cannot dispatch another one-time mint (0.234ms)
✔ a setup refusal gives the claim back, so the next check-in after setup provisions exactly once (39.152417ms)
✔ an uncertain outcome keeps the claim spent: no release, the next check-in needs review (3.21275ms)
✔ a release that fails or is missing keeps today's behaviour and never throws (5.977208ms)
✔ an unreachable or unconfigured gateway degrades honestly (0.463125ms)
✔ an office with no Modelvia customer is skipped, not attempted (0.234625ms)
✔ installation usage is this office's totals and nothing else (1.403333ms)
✔ a gateway answering for another office provisions nothing (0.079292ms)
✔ revoking asks the gateway and clears the owed cleanup only on confirmation (0.117583ms)
✔ a lost redeem response is recovered: the replay gets fresh keys, the lost key is revoked, no second claim (15.77725ms)
✔ concurrent redeliveries rotate once; a reply for another installation or office is never passed on (143.722042ms)
✔ A6: a gateway reply the portal lost is reconciled on the next check-in from the same installation (70.690834ms)
✔ A7: a slow gateway reply is waited for past ten seconds, and one past the wait is reconciled (120.909459ms)
✔ reconciling a spent claim holds for review only when the gateway itself cannot attribute the outcome (0.969458ms)
✔ a report asks for redelivery only with an explicit boolean (0.088292ms)
✔ identifiers are derived from the descriptor without inventing a project (0.027ms)
✔ the real transport is bounded, authenticated and refuses anything else (32.324334ms)
✔ an unprovisioned computer cannot appear AI-ready from a healthy or stale worker report (14.410583ms)
✔ a linked computer without a first report still shows unconfirmed AI setup (0.226208ms)
✔ an attempted setup with no recorded grant needs review instead of another check-in (0.237417ms)
✔ a recorded grant does not claim a successful serving request (0.179666ms)
✔ revocation states take precedence over a missing AI grant (0.31775ms)
✔ disconnect confirmation distinguishes website revoke from gateway cleanup and lost status (0.108625ms)
✔ missing computer-link schema is a setup state, not an empty inventory or generic outage (0.104375ms)
✔ invoice payment: every state the review listed gives a button or its own reason (2.951708ms)
✔ invoice payment: no combination leaves an unpaid invoice with money owing unexplained (67.305333ms)
✔ invoice payment: row copy names the real next step without codes (18.247375ms)
✔ /api/account/usage with a missing session returns a private uncached 401 (135.871958ms)
✔ /api/admin/offices with a missing session returns a private uncached 401 (1.386167ms)
✔ /account/ai-billing?period=2026-09 with a missing session redirects privately to sign-in (1.631291ms)
✔ /admin?tab=offices with a missing session redirects privately to sign-in (0.33825ms)
✔ /api/account/usage with a malformed session returns a private uncached 401 (1.1165ms)
✔ /api/admin/offices with a malformed session returns a private uncached 401 (1.153583ms)
✔ /account/ai-billing?period=2026-09 with a malformed session redirects privately to sign-in (0.444208ms)
✔ /admin?tab=offices with a malformed session redirects privately to sign-in (0.664875ms)
✔ /api/account/usage with a expired session returns a private uncached 401 (33.2325ms)
✔ /api/admin/offices with a expired session returns a private uncached 401 (7.349666ms)
✔ /account/ai-billing?period=2026-09 with a expired session redirects privately to sign-in (5.177958ms)
✔ /admin?tab=offices with a expired session redirects privately to sign-in (6.713083ms)
✔ /api/account/usage with a tampered session returns a private uncached 401 (8.613125ms)
✔ /api/admin/offices with a tampered session returns a private uncached 401 (6.964333ms)
✔ /account/ai-billing?period=2026-09 with a tampered session redirects privately to sign-in (6.117084ms)
✔ /admin?tab=offices with a tampered session redirects privately to sign-in (3.988417ms)
✔ valid legacy sessions pass through to existing route authorization (6.092458ms)
✔ valid person sessions pass through to existing route authorization (18.201417ms)
✔ unconfigured authentication keeps both hidden admin 404s private and uncached (0.444958ms)
✔ unconfigured authentication preserves account route pass-through (0.130416ms)
✔ public paths retain their cache behavior with authentication unset (0.13575ms)
✔ canonical public redirect retains its cache behavior with authentication unset (0.120708ms)
✔ public paths retain their cache behavior with authentication configured (0.12175ms)
✔ canonical public redirect retains its cache behavior with authentication configured (0.247167ms)
﹣ operator token: signed here, verified by the gateway operator-token.ts (0.6575ms) # the gateway source (../root/managed-gateway) is not beside this website checkout
✔ AUD amounts: A$1 to A$10,000, whole dollars or cents, to nanoAUD (0.85625ms)
✔ browser input: exactly {companyId, access}; custom is an AUD amount, never nanoAUD (4.89625ms)
✔ current access reads as Default, Custom, Off or Not set up yet (20.484625ms)
✔ Offices page rows: one customer-list read, no customer id, blocked offices say why (22.948875ms)
✔ route: operator gate, origin and body are checked before any gateway call (11.290042ms)
✔ route: sends exactly {companyId, customerId, name, access} under a gateway-verifiable bearer (2.353583ms)
✔ route: gateway refusals become one plain operator line; nothing upstream is echoed (1.854875ms)
✔ receipt exists synchronously before checkout and survives a fresh reader (11.126916ms)
✔ same-turn repeated attempts refuse instead of dispatching or replacing original intent (0.412083ms)
✔ company and invoice scopes remain independent (0.096167ms)
✔ eligible stale GETs, missing invoices and cancellation strings never release a pre-claim hold (0.512459ms)
✔ only authoritative paid true retires the matching invoice receipt (0.26725ms)
✔ failed or silently discarded writes prevent dispatch (0.692542ms)
✔ unreadable, malformed and cross-company receipts fail closed (0.270708ms)
✔ failed terminal receipt update never silently clears the persisted hold (0.161083ms)
✔ billing readers use the server mapping and only approved filters are forwarded (107.530958ms)
✔ forged customer, role, client and duplicate filters cannot change account authority (15.210125ms)
✔ unlinked customers, missing configuration and insecure remote URLs refuse before transport (0.571042ms)
✔ wrong upstream customer, role and period cannot masquerade as scoped analytics (1.060958ms)
✔ empty query defaults to Brisbane month and upstream errors never forward private diagnostics (9.004209ms)
✔ decimal formatting keeps exact large amounts and token counts without floating point (28.064583ms)
✔ missing agreed resale price stays unknown instead of exposing a wholesale amount (1.565333ms)
✔ the overview and the AI billing heading share one net AI usage figure from the platform billing view (0.291333ms)
✔ billing GET preserves optional legacy reads and matched expectations without changing account authority (48.300709ms)
✔ a cross-tab cookie change refuses stale page billing before exposing the new company invoice (10.705708ms)
✔ checkout requires a single exact expected company before body consumption, preflight or dispatch (3.401625ms)
✔ cookie change between a valid GET and checkout cannot use old page authority (1.0285ms)
✔ expectation does not bypass origin, sign-in, reader role or exact request body gates (0.644375ms)
✔ matched GET expectations preserve period and scope filter rejection before upstream access (1.089625ms)
✔ platform customer comes from server mapping, never a browser-supplied ID (1.628416ms)
✔ billing and checkout preserve trusted customer scope and read-only roles (49.198417ms)
✔ billing checks the returned customer and projects exact money without supplier fields or headers (1.102ms)
✔ billing and document errors redact upstream diagnostics and invalid roles never call the gateway (0.758291ms)
✔ oversized or invalid upstream billing bodies fail closed without being forwarded (5.311875ms)
✔ binding: explicit entry wins, otherwise realbud-<companyId>, never a derived id another office holds (0.386667ms)
✔ checkout exposes only admitted Square sandbox destinations without forwarding upstream fields (1.048541ms)
✔ missing mapping and insecure remote endpoints refuse without making a request (0.19375ms)
✔ invoice documents use the authenticated account mapping and remain available to billing readers (0.362958ms)
✔ documents reject traversal, external invoice URLs and missing mappings before fetch (0.179916ms)
✔ upstream cross-customer rejection remains a private error and JSON cannot masquerade as an invoice (0.162667ms)
✔ live billing and checkout admit only production Square destinations, preserving customer scope (0.98925ms)
✔ the surface the client chose is forwarded, defaulted and validated, with an https-only portal link (2.600958ms)
✔ the routes' environment carries PLATFORM_PORTAL_URL, so the portal link renders (0.392459ms)
✔ a revoked integration key or inactive Modelvia account is a billing outage, never the customer's sign-in or permission (3.274083ms)
✔ Modelvia checkout refusals keep their own code for accurate copy (0.425916ms)
✔ mapping: duplicate companies are refused, not last-wins; a missing company never matches (0.21175ms)
✔ safe invoice document: sandboxed, unframed, unsniffed, uncached, no upstream headers, HTML only (0.232625ms)
✔ a sandbox payment mode never reaches a production build as a notice or a checkout (0.062333ms)
✔ provider direct instructions stay on eligible issued retail invoices and name their seller (0.260167ms)
✔ direct offer fails closed for disabled, stale, paid, nonpositive, nonretail or incomplete invoice state (3.708583ms)
✔ legacy billing defaults to Square on the client app without inventing seller or payment permission (2.233583ms)
✔ customer payment projection strips supplier, merchant credentials and provider-only settings (0.340667ms)
✔ production checkout refuses sandbox and unavailable invoice policy before a link is created (1.518708ms)
✔ billing period is exact, forwarded and checked without allowing customer scope selectors (1.816083ms)
✔ checkout body rejects scope, seller, amount, invalid JSON and chunked oversized data before transport (5.654917ms)
✔ actual billing routes enforce origin, session, reader role, exact body and production payment policy (8.298125ms)
✔ guard: a second analytics read within 15 s is served from the private cache without calling Modelvia (25.650458ms)
✔ guard: cached analytics expires after 15 s and the next read goes upstream (1.28525ms)
✔ guard: cache and rate limit are per company; one office never sees or spends another office's (3.947583ms)
✔ guard: past 30 calls a minute a company is answered 429 with Retry-After before Modelvia is called (11.139583ms)
✔ guard: validation, role and mapping refusals spend nothing; billing errors consume the shared allowance (10.077125ms)
✔ guard: billing reads each requested month afresh and checkout rechecks current policy (12.541208ms)
✔ guard: an old GET finishing after checkout cannot supply stale payment eligibility to a later reader (0.536417ms)
✔ guard: usage summary shares company limits with billing and caches only its own month and office (3.859542ms)
✔ route /api/account/ai-billing: its own environment carries the portal URL to the page (45.101875ms)
✔ analytics route hides a stale office before any Modelvia read (71.894458ms)
✔ routes: no Modelvia caller assembles its own environment; all use platformEnvironment() and the shared guard (30.907667ms)
✔ routes: upstream 401/403 (revoked key, inactive account) reaches the customer as 503, not as their sign-in (4.703125ms)
✔ routes: origin refusals are private and uncached; checkout answers are nosniff (2.209875ms)
✔ route /api/account/invoices/[id]: the tax invoice is served like the AI billing document (1.442875ms)
✔ route /api/account/invoices/[id] checkout: only a Square link leaves the server (4.224166ms)
✔ route /api/account/ai-billing/commercial-terms: a RealBud gateway that is not set up is reported as setup, not as an outage (5.849166ms)
✔ route /api/account/invoices/[id] checkout: a billing reader is refused before the gateway is asked (0.132583ms)
✔ routes share one per-company budget: fresh billing reads, then 429 before Modelvia (38.27325ms)
✔ routes: the older gateway AI billing routes are gone and point at AI usage & billing, whoever asks (4.405792ms)
✔ account usage handler refuses foreign origin and unauthenticated sessions before upstream access (75.219416ms)
✔ account usage handler binds a reader to their current office and ignores no forged scope (7.549666ms)
✔ installation usage handler authenticates the installation hash and returns the real desktop wire with reported limits (3.816625ms)
✔ installation invalid credentials, revoked identity and scope injection cannot reach another usage account (4.247875ms)
✔ recorded usage is mapped by authenticated office, projected exactly and accepted by the real desktop parser (82.552708ms)
✔ unknown customer net and missing authoritative limits remain null, while recorded non-invoicing usage remains visible (1.094875ms)
✔ authority and arbitrary or duplicate query fields cannot select another customer (2.331042ms)
✔ usage names only local setup gaps; upstream and transport errors stay private (4.317125ms)
✔ period defaults to Brisbane accounting month and an explicit desktop month is never relabelled (4.10525ms)
✔ malformed, partial, imprecise or different-month responses fail without fabricating figures (3.057917ms)
✔ bounded responses and failures never leak supplier diagnostics or present oversized totals as zero (8.534416ms)
✔ no message exposes a status code, a raw code or a shrug (0.578208ms)
✔ every message says what to do next (0.165459ms)
✔ an unfinished request reads as unreachable, not as a fault of the account (0.453ms)
✔ blocked states are not offered a retry (0.93175ms)
✔ only a known local setup code may collapse all billing sections (0.11875ms)
✔ an unknown upstream code never reaches the page (0.065875ms)
✔ the subject is named so the reader knows what is missing (0.049875ms)
✔ Modelvia checkout refusals get their own copy, not "something changed, reload" (0.243125ms)
✔ person RPC validates exact authoritative shape and safe fields (0.963875ms)
✔ trusted issuer comes from deployment config with no path or browser data (0.124083ms)
✔ login sends verified provider identity and rejects remapped backend output (0.406ms)
✔ unprovisioned identity is distinguished only by the exact trusted RPC error (0.175292ms)
✔ person gate rejects legacy, expired, future and different issuer without any RPC (40.980958ms)
✔ every person gate refreshes current identity and observes revocation, roles and epoch (2.176167ms)
✔ service-only login RPC uses a separate admin client after OTP changes the SDK session (33.894958ms)
✔ fresh enrollment actor comes only from valid cookie and current identity; old sessions can only list/revoke (16.578208ms)
✔ accept hashes the code and forwards only server-derived actor; authority fields in browser body reject (4.021208ms)
✔ committed challenge denial is bounded403 and arbitrary backend diagnostics never escape (0.678958ms)
✔ parent enrollment separates report/command tokens and rejects remapped or unverified receipts (2.435ms)
✔ desktop status and confirmation cannot adopt another enrollment, candidate, or parent (0.637542ms)
✔ personal lists/revocations exclude other actors, agencies, malformed entries and duplicate IDs (0.661292ms)
✔ clock sampling authenticates the exact v2 parent and rejects decorated or invalid server time (0.348917ms)
✔ pending parent cancellation uses reporting authority and exact revoked receipt without exposing command token (1.491417ms)
✔ work upload counts streamed UTF-8 bytes and cancels oversized bodies regardless of declared size (15.037375ms)
✔ work failures bound backend diagnostics and keep no-store on all known denials (1.15325ms)
✔ submit forwards a server actor and stable request ID, rejecting forged fields and remapped receipts (1.158708ms)
✔ review upload verifies both complete canonical digests before RPC and verifies exact returned projection (1.466375ms)
✔ explicit review read checks audience, digest, target and pruned null contract (1.543667ms)
✔ decision requires exact winning ID, choice, review CAS and current actor, including replay (0.383291ms)
✔ desktop claim binds all execution identifiers and browser cannot call installation operations (0.339583ms)
✔ person cancellation is requester-bound while desktop cancel uses the separate token RPC (0.185125ms)
✔ session round-trip and rejects tampering (3.813417ms)
✔ person cookie preserves stable binding and seven day authentication age (1.763334ms)
✔ signed but malformed or downgraded person cookies fail closed (6.857041ms)
✔ site: local development origins are admitted only outside production (2.314292ms)
✔ site: an origin refusal is private and never cached (15.853958ms)
✔ spend cap: exactly zero reads as not enabled, never as an A$0.00 cap (3.069584ms)
✔ spend cap: a positive cap shows the cap and any reported headroom (10.345584ms)
✔ spend cap: a missing or malformed cap is unreported, not zero (0.128625ms)
✔ billing pages read Modelvia for AI: the RealBud gateway serves only care terms and service invoices (3.141958ms)
✔ square checkout: only exact Square hosts on https, for the stated mode (1.37125ms)
✔ square checkout: the browser Pay path uses the shared allow-list, not its own (0.445917ms)
✔ persisted filters keep one safe Brisbane month and cannot choose account scope (2.687291ms)
✔ only two typed operations and reviewed bounded metadata are publishable (0.812375ms)
✔ immutable envelopes have exact identity, explicit expiry and no source content (0.159291ms)
✔ claim and event schemas reject actor, credential and execution argument substitution (0.117541ms)
✔ safe integer cursors and exact submit schemas (0.075ms)
✔ canonical serialization is key-order independent and preserves meaningful content (0.117416ms)
✔ request bodies are bounded independently of Content-Length including chunked input (19.061375ms)
✔ bearer parsing hashes only exact private tokens and public errors never reflect database text (0.886917ms)
✔ status parser disallows freeform result payloads (0.096792ms)
✔ account history target labels remain bounded metadata with exact opaque identities (0.179458ms)
ℹ tests 243
ℹ suites 0
ℹ pass 242
ℹ fail 0
ℹ cancelled 0
ℹ skipped 1
ℹ todo 0
ℹ duration_ms 1797.187
