PASS R-money-cents nanoAUD -> cents rounding (RealBud money.ts cents) -> 0,1,1,2,-1,0
PASS MV-money-cents nanoAUD -> cents rounding (Modelvia money.ts cents) -> 0,0,0,1,1,2,-1,12346
PASS R-gst GST inclusive 1/11 of gross cents (gstCents) -> 100,1136,1,0,1,-100,0
PASS R-price units x rate (price) rounds each unit category up to 1 nano -> 3970235
PASS R-care-invoice RealBud care invoice: AUD, GST-inclusive, 10% (1/11) -> {"A":["RB-000001","12500","1136"],"B":["RB-000002","9999","909"]}
PASS R-care-isolation RealBud care invoices are per office -> {"refused":"invoice_not_found","status":404}
PASS R-checkout-double RealBud checkout double submit -> {"concurrent":["order-d664aacd-1cb7-4256-9c39-83a7180ed621","checkout_reconciliation_required"],"sequentialRepeatSame":true,"createCalls":1}
PASS R-webhook-double RealBud payment webhook replay -> {"first":{"duplicate":false},"replay":{"duplicate":true},"newEventSameTxn":{"duplicate":true},"secondTxnSameInvoice":{"error":"duplicate_payment_conflict"},"paymentRows":1,"checkoutAfterPaid":"invoice_already_paid"}
PASS R-projectCaps projectCaps: request cap = min(service request cap, customer monthly) -> {"a":{"monthlyCapNanoAud":"500000000","requestCapNanoAud":"500000000","maxConcurrent":2},"b":{"monthlyCapNanoAud":"200000000000","requestCapNanoAud":"1000000000","maxConcurrent":2},"labelA":"A$0.50/month, A$0.50/request, 2 at once","labelBoundary":"A$0/month, A$0/request, 1 at once","labelBoundary2":"A$0.01/month, A$0.01/request, 1 at once"}
PASS W-display-vs-invoice Website formatAudFromNano vs invoice cents() for same nano -> [{"nano":4999999,"display":"$0.00","invoiceCents":"0"},{"nano":5000000,"display":"$0.01","invoiceCents":"1"},{"nano":15000000,"display":"$0.02","invoiceCents":"2"},{"nano":25000000,"display":"$0.03","invoiceCents":"3"},{"nano":35000000,"display":"$0.04","invoiceCents":"4"},{"nano":1005000000,"display":"$1.01","invoiceCents":"101"}]
PASS W-cap-input Website custom cap input A$1..A$10,000 -> nanoAUD -> {"1":"1000000000","10000":"10000000000000","1.00":"1000000000","0.99":null,"10000.01":null,"1.005":null,"12.5":"12500000000"}
PASS W-attempt-double Website Pay double click (payment-attempt receipt) -> held for A; B independent
PASS MV-usage-amount Usage charge = units x rate (settled ledger record) -> {"requestId":"7b54070f-03a6-40ea-8ea0-4f706e424e48","charged":"3970235","project":"rb-office-a-inst1","state":"settled"}
PASS MV-idem-usage Same idempotency key twice -> one charge -> {"duplicate":true,"requestRows":1,"usageSettledEvents":1,"reSettle":"ok:{\"accountScope\":{\"clientId\":\"rb-platform\",\"clientVersion\":1,\"companyId\":\"office-","differentBodySameKey":"idempotency_conflict"}
PASS MV-attribution Per-office / per-installation attribution in ledger -> {"officeA":[["rb-office-a-inst1","3970235"],["rb-office-a-inst2","7001001"]],"officeB":[["rb-office-b-inst1","2000"],["rb-office-b-inst2","3000"]],"crossKeyAdmit":"invalid_key"}
PASS MV-cap-request Per-request cap enforced at admission -> {"refused":"project_request_cap_exceeded","status":402,"atCapAdmitted":true}
PASS MV-cap-monthly-hold Monthly cap counts reservation holds; customer cap spans both installations -> {"blocked":"customer_monthly_cap_exceeded","status":402,"afterReleaseAdmitted":"reserved","officeBUnaffected":"settled"}
PASS MV-disabled-customer Disabled customer / revoked key stop admission -> {"disabledCustomer":{"refused":"account_inactive","status":403},"revokedKey":{"refused":"key_revoked","status":401},"siblingStillServes":"settled"}
PASS MV-invoice-rounding Invoice nano->cents at close (boundaries) -> {"r1":{"total":"0","gst":"0","kind":"Tax Invoice","currency":"AUD","gstInclusive":true,"lines":[["AI usage — Fictional model","4999999","0","0"]]},"r2":{"total":"1","gst":"0","kind":"Tax Invoice","currency":"AUD","gstInclusive":true,"lines":[["AI usage — Fictional model","5000000","1","0"]]},"r3":{"total":"1","gst":"0","kind":"Tax Invoice","currency":"AUD","gstInclusive":true,"lines":[["AI usage — Fictional model","4999999","0","0"],["AI usage — Fictional model","4999999","0","0"],["Monthly rounding adjustment","0","1","0"]]}}
PASS MV-invoice-gst Invoice GST = round-half-up(total/11) and lines sum to total -> {"r4":{"total":"220","gst":"20","lines":[["1100000000","110","10"],["1100000000","110","10"]]},"A":{"total":"1","gst":"0","lines":5},"B":{"total":"0","gst":"0","lines":4}}
PASS MV-invoice-isolation Office A invoice holds only A usage; per-installation visible -> {"A":{"lines":5,"total":"1","usedBy":["cust-office-a"]},"B":{"lines":4,"total":"0"},"crossRead":"invoice_not_found","reCloseSameInvoice":"AI-LOCAL-000005"}
PASS MV-payment-idem Modelvia invoice checkout + webhook double submit -> {"concurrent":["local-888ba24c-c924-473a-929e-2b7d504b19b5","checkout_reconciliation_required"],"w1":{"duplicate":false},"w2":{"duplicate":true},"w3":{"duplicate":true},"paymentRows":1,"checkoutAfterPaid":"invoice_already_paid"}
{"passed":22,"failed":0}
