2026-09-25 01:59:23.400 AEST [50640] LOG:  starting PostgreSQL 16.15 (Homebrew) on aarch64-apple-darwin25.6.0, compiled by Apple clang version 21.0.0 (clang-2100.1.1.101), 64-bit
2026-09-25 01:59:23.401 AEST [50640] LOG:  listening on Unix socket "/var/folders/pv/v_yx05z50rq0y4tx8_1f4jh80000gn/T/rb-company-pg-H0rZ8b/.s.PGSQL.55447"
2026-09-25 01:59:23.410 AEST [50643] LOG:  database system was shut down at 2026-09-25 01:59:23 AEST
2026-09-25 01:59:23.417 AEST [50640] LOG:  database system is ready to accept connections
2026-09-25 02:00:24.234 AEST [52240] ERROR:  duplicate key value violates unique constraint "member_credentials_company_id_login_name_key"
2026-09-25 02:00:24.234 AEST [52240] DETAIL:  Key (company_id, login_name)=(67d3152f-858b-4b8a-b9e1-19ed6d9ccd8d, alice) already exists.
2026-09-25 02:00:24.234 AEST [52240] STATEMENT:  INSERT INTO realbud_company.member_credentials(company_id,member_id,login_name,password_verifier,recovery_hash,revision,failed_attempts)
	        VALUES($1,$2,$3,$4,$5,1,0)
2026-09-25 02:00:24.370 AEST [52241] ERROR:  duplicate key value violates unique constraint "member_credentials_company_id_login_name_key"
2026-09-25 02:00:24.370 AEST [52241] DETAIL:  Key (company_id, login_name)=(8f0908b3-f0be-4846-a649-1006bf5f2649, shared) already exists.
2026-09-25 02:00:24.370 AEST [52241] STATEMENT:  INSERT INTO realbud_company.member_credentials(company_id,member_id,login_name,password_verifier,recovery_hash,revision,failed_attempts)
	        VALUES($1,$2,$3,$4,$5,1,0)
2026-09-25 02:00:25.924 AEST [52276] WARNING:  there is no transaction in progress
2026-09-25 02:00:31.226 AEST [50640] LOG:  received fast shutdown request
2026-09-25 02:00:31.226 AEST [50640] LOG:  aborting any active transactions
2026-09-25 02:00:31.227 AEST [50640] LOG:  background worker "logical replication launcher" (PID 50648) exited with exit code 1
2026-09-25 02:00:31.228 AEST [50641] LOG:  shutting down
2026-09-25 02:00:31.229 AEST [50641] LOG:  checkpoint starting: shutdown immediate
2026-09-25 02:00:31.387 AEST [50641] LOG:  checkpoint complete: wrote 1083 buffers (6.6%); 0 WAL file(s) added, 0 removed, 0 recycled; write=0.055 s, sync=0.056 s, total=0.159 s; sync files=1870, longest=0.001 s, average=0.001 s; distance=6432 kB, estimate=6432 kB; lsn=0/1B65B30, redo lsn=0/1B65B30
2026-09-25 02:00:31.390 AEST [50640] LOG:  database system is shut down
