
 RUN  v4.1.10 /Users/yoda/projects/RealBud

 ❯ server/private-backup-mail-retention.test.ts (10 tests | 1 failed) 12390ms
     × preserves legacy running intent and restores effective interrupted work (already migrated: false) 232ms

⎯⎯⎯⎯⎯⎯⎯ Failed Tests 1 ⎯⎯⎯⎯⎯⎯⎯

 FAIL  server/private-backup-mail-retention.test.ts > normalized mail retention through private backup > preserves legacy running intent and restores effective interrupted work (already migrated: false)
AssertionError: expected { …(13) } to match object { …(4) }
(9 matching properties omitted from actual)

- Expected
+ Received

  {
    "completedAt": 1789948800000,
    "gaps": [
-     "Fictional acquisition started before interruption.",
+     "Mail collection was interrupted. Run a fresh scan; the prior work list is preserved.",
    ],
    "id": "355ab2c3-1c2d-46f8-bf05-354e94496931",
    "status": "interrupted",
  }

 ❯ server/private-backup-mail-retention.test.ts:186:47
    184|     expect(legacyRestored).toEqual(from.legacy.state);
    185|     const restored = mail(to, 1, from.workspaceId).service;
    186|     expect((await restored.get()).latestScan).toMatchObject({ id: pend…
       |                                               ^
    187|       gaps: expect.arrayContaining(['Fictional acquisition started bef…
    188|     expect(await restored.getItem(from.legacy.item.id)).toEqual(from.l…

⎯⎯⎯⎯⎯⎯⎯⎯⎯⎯⎯⎯⎯⎯⎯⎯⎯⎯⎯⎯⎯⎯⎯⎯[1/1]⎯


 Test Files  1 failed | 1 passed (2)
      Tests  1 failed | 30 passed (31)
   Start at  17:37:33
   Duration  13.70s (transform 246ms, setup 22ms, import 338ms, tests 13.19s, environment 0ms)

