2026-09-21 14:36:18.094 AEST [77902] LOG:  starting PostgreSQL 16.15 (Homebrew) on aarch64-apple-darwin25.6.0, compiled by Apple clang version 21.0.0 (clang-2100.1.1.101), 64-bit
2026-09-21 14:36:18.095 AEST [77902] LOG:  listening on Unix socket "/tmp/rbec-fTdZpP/rb-company-pg-WnMBCD/.s.PGSQL.55447"
2026-09-21 14:36:18.098 AEST [77905] LOG:  database system was shut down at 2026-09-21 14:36:18 AEST
2026-09-21 14:36:18.100 AEST [77902] LOG:  database system is ready to accept connections
2026-09-21 14:36:57.742 AEST [78703] ERROR:  duplicate key value violates unique constraint "member_credentials_company_id_login_name_key"
2026-09-21 14:36:57.742 AEST [78703] DETAIL:  Key (company_id, login_name)=(e525d0e3-1f88-4a1c-92b6-b425e76a9e71, alice) already exists.
2026-09-21 14:36:57.742 AEST [78703] STATEMENT:  INSERT INTO realbud_company.member_credentials(company_id,member_id,login_name,password_verifier,recovery_hash,revision,failed_attempts)
	        VALUES($1,$2,$3,$4,$5,1,0)
2026-09-21 14:36:57.907 AEST [78704] ERROR:  duplicate key value violates unique constraint "member_credentials_company_id_login_name_key"
2026-09-21 14:36:57.907 AEST [78704] DETAIL:  Key (company_id, login_name)=(5d1f2f1e-fdaa-41a5-ab77-af96037978ea, shared) already exists.
2026-09-21 14:36:57.907 AEST [78704] STATEMENT:  INSERT INTO realbud_company.member_credentials(company_id,member_id,login_name,password_verifier,recovery_hash,revision,failed_attempts)
	        VALUES($1,$2,$3,$4,$5,1,0)
2026-09-21 14:37:04.102 AEST [78815] WARNING:  there is no transaction in progress
2026-09-21 14:37:04.608 AEST [77902] LOG:  received fast shutdown request
2026-09-21 14:37:04.608 AEST [77902] LOG:  aborting any active transactions
2026-09-21 14:37:04.609 AEST [77902] LOG:  background worker "logical replication launcher" (PID 77908) exited with exit code 1
2026-09-21 14:37:04.610 AEST [77903] LOG:  shutting down
2026-09-21 14:37:04.610 AEST [77903] LOG:  checkpoint starting: shutdown immediate
2026-09-21 14:37:04.715 AEST [77903] LOG:  checkpoint complete: wrote 1047 buffers (6.4%); 0 WAL file(s) added, 0 removed, 0 recycled; write=0.045 s, sync=0.033 s, total=0.106 s; sync files=1398, longest=0.001 s, average=0.001 s; distance=5762 kB, estimate=5762 kB; lsn=0/1ABE568, redo lsn=0/1ABE568
2026-09-21 14:37:04.718 AEST [77902] LOG:  database system is shut down
