node:internal/modules/run_main:107
    triggerUncaughtException(
    ^

AssertionError [ERR_ASSERTION]: node:internal/modules/esm/resolve:271
    throw new ERR_MODULE_NOT_FOUND(
          ^

Error [ERR_MODULE_NOT_FOUND]: Cannot find module '/Users/yoda/projects/RealBud/outputs/company-portal-2026-09-22/compiled-resources/src/lib/desk-queue.js' imported from /Users/yoda/projects/RealBud/outputs/company-portal-2026-09-22/compiled-resources/server/ask-book.js
    at finalizeResolution (node:internal/modules/esm/resolve:271:11)
    at moduleResolve (node:internal/modules/esm/resolve:865:10)
    at defaultResolve (node:internal/modules/esm/resolve:992:11)
    at #cachedDefaultResolve (node:internal/modules/esm/loader:701:20)
    at #resolveAndMaybeBlockOnLoaderThread (node:internal/modules/esm/loader:721:38)
    at ModuleLoader.resolveSync (node:internal/modules/esm/loader:759:56)
    at #resolve (node:internal/modules/esm/loader:683:17)
    at ModuleLoader.getOrCreateModuleJob (node:internal/modules/esm/loader:603:35)
    at ModuleJob.syncLink (node:internal/modules/esm/module_job:163:33)
    at ModuleJob.link (node:internal/modules/esm/module_job:253:17) {
  code: 'ERR_MODULE_NOT_FOUND',
  url: 'file:///Users/yoda/projects/RealBud/outputs/company-portal-2026-09-22/compiled-resources/src/lib/desk-queue.js'
}

Node.js v24.19.0

    at start (file:///Users/yoda/projects/RealBud/scripts/qa-company-portal.mjs:48:3)
    at async file:///Users/yoda/projects/RealBud/scripts/qa-company-portal.mjs:68:43 {
  generatedMessage: false,
  code: 'ERR_ASSERTION',
  actual: false,
  expected: true,
  operator: '==',
  diff: 'simple'
}

Node.js v24.19.0
