node:internal/modules/run_main:107
    triggerUncaughtException(
    ^

file:///Users/yoda/projects/RealBud/server/company/portal-proof.ts:11
export class CompanyPortalProofError extends Error {
  constructor(readonly code: 'portal_proof_denied' | 'portal_proof_stale' | 'portal_proof_unavailable') {
                       ^^^^^^^^^^^^^^^^^^^^^^^^^^^^^^^^^^^^^^^^^^^^^^^^^^^^^^^^^^^^^^^^^^^^^^^^^^^^^^^
    super(code); this.name = 'CompanyPortalProofError';

SyntaxError [ERR_UNSUPPORTED_TYPESCRIPT_SYNTAX]: TypeScript parameter property is not supported in strip-only mode
    at parseTypeScript (node:internal/modules/typescript:68:40)
    at processTypeScriptCode (node:internal/modules/typescript:146:42)
    at stripTypeScriptModuleTypes (node:internal/modules/typescript:215:22)
    at ModuleLoader.<anonymous> (node:internal/modules/esm/translators:680:29)
    at #translate (node:internal/modules/esm/loader:434:20)
    at afterLoad (node:internal/modules/esm/loader:502:29)
    at ModuleLoader.loadAndTranslate (node:internal/modules/esm/loader:507:12)
    at #getOrCreateModuleJobAfterResolve (node:internal/modules/esm/loader:560:36)
    at afterResolve (node:internal/modules/esm/loader:607:52)
    at ModuleLoader.getOrCreateModuleJob (node:internal/modules/esm/loader:613:12) {
  code: 'ERR_UNSUPPORTED_TYPESCRIPT_SYNTAX'
}

Node.js v24.19.0
