
 RUN  v4.1.10 /Users/yoda/projects/RealBud

 ❯ server/private-backup-v2-integration.test.ts (1 test | 1 failed) 48ms
     × captures, transfers, prepares and cold-restores over 5,000 records with exact bank bytes and a different destination key 47ms
 ❯ server/private-backup-cold-restore.test.ts (13 tests | 6 failed) 523ms
     × stages without replacing business files, applies exact bytes, then records completion once 66ms
     × resumes exact intended files after interruption following replacement/removal 1 48ms
     × resumes exact intended files after interruption following replacement/removal 2 47ms
     × resumes exact intended files after interruption following replacement/removal 3 46ms
     × resumes exact intended files after interruption following replacement/removal 4 51ms
     × preserves a target changed while its replacement stream was being written 50ms

⎯⎯⎯⎯⎯⎯⎯ Failed Tests 7 ⎯⎯⎯⎯⎯⎯⎯

 FAIL  server/private-backup-cold-restore.test.ts > bounded cold private restore coordination > stages without replacing business files, applies exact bytes, then records completion once
Error: The target changed while its replacement was prepared. Its file was preserved.
 ❯ hold server/private-backup-cold-restore.ts:26:23
     24| type ManifestEntry = { path: string; beforeHash: string | null; intend…
     25| function hold(message = 'The prepared restore needs recovery. Startup …
     26|   throw Object.assign(new Error(message), { status: 503 });
       |                       ^
     27| }
     28| const object = (v: unknown): v is Record<string, unknown> => !!v && ty…
 ❯ server/private-backup-cold-restore.ts:163:117
 ❯ atomicBytes server/private-backup-cold-restore.ts:96:5
 ❯ applyStagedPrivateRestoreV2 server/private-backup-cold-restore.ts:162:14
 ❯ server/private-backup-cold-restore.test.ts:45:12

⎯⎯⎯⎯⎯⎯⎯⎯⎯⎯⎯⎯⎯⎯⎯⎯⎯⎯⎯⎯⎯⎯⎯⎯[1/7]⎯

 FAIL  server/private-backup-cold-restore.test.ts > bounded cold private restore coordination > resumes exact intended files after interruption following replacement/removal 1
 FAIL  server/private-backup-cold-restore.test.ts > bounded cold private restore coordination > resumes exact intended files after interruption following replacement/removal 2
 FAIL  server/private-backup-cold-restore.test.ts > bounded cold private restore coordination > resumes exact intended files after interruption following replacement/removal 3
 FAIL  server/private-backup-cold-restore.test.ts > bounded cold private restore coordination > resumes exact intended files after interruption following replacement/removal 4
AssertionError: expected [Function] to throw error including 'fixture interrupted' but got 'The target changed while its replacem…'

Expected: "fixture interrupted"
Received: "The target changed while its replacement was prepared. Its file was preserved."

 ❯ server/private-backup-cold-restore.test.ts:56:145
     54|   it.each([1, 2, 3, 4])('resumes exact intended files after interrupti…
     55|     const f = await fixture(); await stagePrivateRestoreV2(f.options);…
     56|     await expect(applyStagedPrivateRestoreV2({ ...f.options, afterWrit…
       |                                                                                                                                                 ^
     57|     expect(existsSync(join(f.directory, PRIVATE_RESTORE_V2_STAGE_FILE)…
     58|     await expect(applyStagedPrivateRestoreV2(f.options)).resolves.toMa…

⎯⎯⎯⎯⎯⎯⎯⎯⎯⎯⎯⎯⎯⎯⎯⎯⎯⎯⎯⎯⎯⎯⎯⎯[2/7]⎯

 FAIL  server/private-backup-cold-restore.test.ts > bounded cold private restore coordination > preserves a target changed while its replacement stream was being written
AssertionError: expected 'Fictional untouched fixture' to be 'Fictional concurrent edit' // Object.is equality

Expected: "Fictional concurrent edit"
Received: "Fictional untouched fixture"

 ❯ server/private-backup-cold-restore.test.ts:81:70
     79|     });
     80|     await expect(applyStagedPrivateRestoreV2(f.options)).rejects.toThr…
     81|     expect(readFileSync(join(f.directory, 'vault/USER.md'), 'utf8')).t…
       |                                                                      ^
     82|   });
     83|

⎯⎯⎯⎯⎯⎯⎯⎯⎯⎯⎯⎯⎯⎯⎯⎯⎯⎯⎯⎯⎯⎯⎯⎯[3/7]⎯

 FAIL  server/private-backup-v2-integration.test.ts > actual filesystem v2 backup and restore pipeline > captures, transfers, prepares and cold-restores over 5,000 records with exact bank bytes and a different destination key
Error: The workflow history limit is reached. Ask your RealBud administrator to export and retain the history before starting more.
 ❯ server/workflow-database.ts:153:55

 ❯ WorkflowDatabase.transaction server/workflow-database.ts:93:22
 ❯ WorkflowDatabase.create server/workflow-database.ts:148:17
 ❯ server/private-backup-v2-integration.test.ts:48:56

⎯⎯⎯⎯⎯⎯⎯⎯⎯⎯⎯⎯⎯⎯⎯⎯⎯⎯⎯⎯⎯⎯⎯⎯[4/7]⎯


 Test Files  2 failed | 2 passed (4)
      Tests  7 failed | 51 passed (58)
   Start at  19:40:37
   Duration  20.90s (transform 316ms, setup 34ms, import 524ms, tests 20.04s, environment 0ms)

