✔ a care invoice carries only the accepted care line: AI usage, AI credits and unreconciled requests in the ledger neither appear nor block it (36.371458ms)
✔ terms with no rate card are accepted and closed; a zero-cap entitlement created by the operator command is a billable customer (2.581ms)
✔ close needs the month closed, the terms accepted, an outside billable company and a forward-moving sequence (171.978041ms)
✔ a care credit against a paid invoice is carried to the next invoice or refunded through the adapter, never both, and the paid invoice stays as issued (67.523375ms)
✔ checkout needs a composed payment adapter, and an adapter needs explicit authorization (49.616292ms)
✔ printable invoice escapes tenant content and carries no secret (3.897291ms)
✔ care collection composes from the environment: off by default, refuses a half-configured sandbox or live mode by name (5.035166ms)
✔ apply refreshes every ready installation and prints installation ids and states only (26.02575ms)
✔ apply exits non-zero and reports a partial result when one installation fails (30.126125ms)
✔ apply refuses bad arguments, missing operator env, a bad request cap and an unknown company before any Modelvia call (100.024834ms)
✔ latest month-specific owner acceptance and exact per-customer care amount bind an immutable collected invoice (110.52775ms)
✔ a zero care amount closes as a nothing-to-pay invoice that is not collectible (4.480292ms)
✔ authenticated portal exposes only tenant terms and records the billing owner acceptance (62.483125ms)
✔ internal cost tenant cannot publish terms or close an invoice (1.912875ms)
✔ v2 ledger upgrade adds commercial records without rewriting an existing invoice (26.949125ms)
✔ exact decimal metering separates cached input and reasoning-inclusive output (56.006917ms)
✔ rate cards cannot silently omit tax or mutate published amounts (1.913833ms)
✔ customer rate acceptance is tenant scoped, owner-only and digest-bound (170.965791ms)
✔ private margin and FX helper requires explicit inputs and does not publish (13.966417ms)
✔ two included months are anchored to accepted go-live and Brisbane civil dates (51.194334ms)
✔ concurrent reservations cannot exceed cap, including unknown prior-month exposure (9.258458ms)
✔ idempotency rejects changed bodies, member crossover, jti and attempt reuse (9.487333ms)
✔ dispatch claims are once-only and undispatched release never erases uncertain cost (7.305458ms)
✔ unknown usage requires independent reconciliation; zero confirmed usage costs zero (6.345959ms)
✔ late provider overruns are audited and absorbed above the customer authorisation (3.539ms)
✔ evidence is immutable/idempotent and provider request IDs cannot bill two tenants (1.983292ms)
✔ credits cannot exceed settled charges or mutate prior ledger events (10.899084ms)
✔ restart preserves reservations and history without retaining prompt text (38.211583ms)
✔ monthly rounding preserves total cents and fractional caps never permit excess (0.235417ms)
✔ lowered caps and revoked entitlements block admission without deleting history (4.798708ms)
✔ foreign databases and unknown schema versions are rejected without migration (12.779625ms)
✔ tampered ledger history fails startup verification (17.354167ms)
✔ a provider request cannot be rebilled through a different model route (5.417625ms)
✔ default access creates the customer at version 0 under this client with A$200, two concurrent and the project models (8.119334ms)
✔ a custom cap updates the full record at its stored version and keeps name, concurrency and bindings (0.759125ms)
✔ disabling sets active=false and leaves the cap; an absent customer is created disabled (1.6895ms)
✔ a customer under another client is refused and nothing is written (2.244417ms)
✔ a version conflict is retried once from a fresh read; a second one is reported (1.136125ms)
✔ cap bounds: 1 nanoAUD to A$10,000, whole-number strings only, exact shapes (1.200708ms)
✔ the route needs an operator token: none, a portal token or a portal-secret token is 401, and nothing reaches Modelvia (293.789542ms)
✔ operator routes are not composed without a distinct operator secret or without Modelvia operator configuration (115.562167ms)
✔ default and custom set the customer, push the cap to ready projects and audit without the customer id (22.794042ms)
✔ disabling writes active=false and pushes nothing to projects (9.947875ms)
✔ a foreign customer is 409 with no write; bad bodies and unknown companies are refused before Modelvia (39.025708ms)
✔ sandbox checkout binds company, immutable invoice, mapped Square seller and order with one idempotent payment link (119.473834ms)
✔ signed notification alone is insufficient: only matching retrieved completed payment settles exactly once (21.205584ms)
✔ an issued Square link still reconciles after service suspension, identity correction or changed seller approval (89.394166ms)
✔ wrong signature, old event, wrong merchant, wrong order and wrong amount do not mark an invoice paid (9.055042ms)
✔ completed Square payments outside RealBud checkout orders are ignored (9.238417ms)
✔ uncertain Square create is not sent again; a later verified settlement reconciles the durable attempt (6.829458ms)
✔ self billing and a missing per-tenant mapping cannot create a Square checkout (11.55875ms)
✔ production adapter requires an explicit approved seller basis and still refuses a mismatched invoice (6.573417ms)
✔ refund is requested once and the receipt changes only after a completed authenticated Square refund (7.565042ms)
✔ one Square webhook URL dispatches payment and refund, and is off without a Square adapter (48.606875ms)
ℹ tests 54
ℹ suites 0
ℹ pass 54
ℹ fail 0
ℹ cancelled 0
ℹ skipped 0
ℹ todo 0
ℹ duration_ms 933.903125
rb-mg exit 0
