✔ projects the signed-in office contract, its digest and only acceptance status (1.559167ms)
✔ wrong tenant, month, digest or acceptance cannot become an offer (0.708708ms)
✔ GET is private, same-tenant, read-only for billing readers and hides private upstream fields (39.462292ms)
✔ origin, session, role and company changes fail before terms or acceptance access (0.951459ms)
✔ POST rejects stale, oversized, malformed and extra-field browser quotes before mutation (1.076541ms)
✔ POST rechecks the current quote and verifies persisted acceptance before success (15.787625ms)
✔ changed quote, mismatched tenant, oversized response and unverified write never show acceptance (4.181458ms)
✔ only the gateway's exact missing-terms code becomes a not-yet-issued month (3.327125ms)
✔ internal owner use shows no offer or acceptance, while unknown gateway 403 stays generic (2.370875ms)
✔ invoice payment: every state the review listed gives a button or its own reason (29.66525ms)
✔ invoice payment: no combination leaves an unpaid invoice with money owing unexplained (35.837ms)
✔ invoice payment: row copy names the real next step without codes (0.519583ms)
﹣ operator token: signed here, verified by the gateway operator-token.ts (1.182542ms) # the gateway source (../root/managed-gateway) is not beside this website checkout
✔ AUD amounts: A$1 to A$10,000, whole dollars or cents, to nanoAUD (0.369708ms)
✔ browser input: exactly {companyId, access}; custom is an AUD amount, never nanoAUD (0.492042ms)
✔ current access reads as Default, Custom, Off or Not set up yet (19.71375ms)
✔ Offices page rows: one customer-list read, no customer id, blocked offices say why (34.11375ms)
✔ route: operator gate, origin and body are checked before any gateway call (8.289166ms)
✔ route: sends exactly {companyId, customerId, name, access} under a gateway-verifiable bearer (2.334625ms)
✔ route: gateway refusals become one plain operator line; nothing upstream is echoed (1.351208ms)
✔ receipt exists synchronously before checkout and survives a fresh reader (27.362459ms)
✔ same-turn repeated attempts refuse instead of dispatching or replacing original intent (0.227834ms)
✔ company and invoice scopes remain independent (0.086375ms)
✔ eligible stale GETs, missing invoices and cancellation strings never release a pre-claim hold (0.155292ms)
✔ only authoritative paid true retires the matching invoice receipt (0.077542ms)
✔ failed or silently discarded writes prevent dispatch (0.086666ms)
✔ unreadable, malformed and cross-company receipts fail closed (0.09275ms)
✔ failed terminal receipt update never silently clears the persisted hold (0.064917ms)
✔ billing GET preserves optional legacy reads and matched expectations without changing account authority (104.639833ms)
✔ a cross-tab cookie change refuses stale page billing before exposing the new company invoice (5.924625ms)
✔ checkout requires a single exact expected company before body consumption, preflight or dispatch (3.58575ms)
✔ cookie change between a valid GET and checkout cannot use old page authority (1.727584ms)
✔ expectation does not bypass origin, sign-in, reader role or exact request body gates (0.81775ms)
✔ matched GET expectations preserve period and scope filter rejection before upstream access (0.219375ms)
✔ platform customer comes from server mapping, never a browser-supplied ID (10.116042ms)
✔ billing and checkout preserve trusted customer scope and read-only roles (157.147417ms)
✔ billing checks the returned customer and projects exact money without supplier fields or headers (2.007584ms)
✔ billing and document errors redact upstream diagnostics and invalid roles never call the gateway (1.027708ms)
✔ oversized or invalid upstream billing bodies fail closed without being forwarded (10.43225ms)
✔ binding: explicit entry wins, otherwise realbud-<companyId>, never a derived id another office holds (0.357375ms)
✔ checkout exposes only admitted Square sandbox destinations without forwarding upstream fields (3.121208ms)
✔ missing mapping and insecure remote endpoints refuse without making a request (0.493125ms)
✔ invoice documents use the authenticated account mapping and remain available to billing readers (1.696042ms)
✔ documents reject traversal, external invoice URLs and missing mappings before fetch (0.580042ms)
✔ upstream cross-customer rejection remains a private error and JSON cannot masquerade as an invoice (1.092583ms)
✔ live billing and checkout admit only production Square destinations, preserving customer scope (3.923167ms)
✔ the surface the client chose is forwarded, defaulted and validated, with an https-only portal link (2.059459ms)
✔ the routes' environment carries PLATFORM_PORTAL_URL, so the portal link renders (35.336791ms)
✔ a revoked integration key or inactive Modelvia account is a billing outage, never the customer's sign-in or permission (6.24275ms)
✔ Modelvia checkout refusals keep their own code for accurate copy (0.519084ms)
✔ mapping: duplicate companies are refused, not last-wins; a missing company never matches (0.418125ms)
✔ safe invoice document: sandboxed, unframed, unsniffed, uncached, no upstream headers, HTML only (1.226209ms)
✔ a sandbox payment mode never reaches a production build as a notice or a checkout (0.085958ms)
✔ provider direct instructions stay on eligible issued retail invoices and name their seller (0.315625ms)
✔ direct offer fails closed for disabled, stale, paid, nonpositive, nonretail or incomplete invoice state (1.429459ms)
✔ legacy billing defaults to Square on the client app without inventing seller or payment permission (0.635292ms)
✔ customer payment projection strips supplier, merchant credentials and provider-only settings (0.169459ms)
✔ production checkout refuses sandbox and unavailable invoice policy before a link is created (1.91025ms)
✔ billing period is exact, forwarded and checked without allowing customer scope selectors (0.293208ms)
✔ checkout body rejects scope, seller, amount, invalid JSON and chunked oversized data before transport (4.289792ms)
✔ actual billing routes enforce origin, session, reader role, exact body and production payment policy (27.059083ms)
✔ account usage handler refuses foreign origin and unauthenticated sessions before upstream access (89.00125ms)
✔ account usage handler binds a reader to their current office and ignores no forged scope (70.119875ms)
✔ installation usage handler authenticates the installation hash and returns the real desktop wire with reported limits (3.440625ms)
✔ installation invalid credentials, revoked identity and scope injection cannot reach another usage account (2.096875ms)
✔ recorded usage is mapped by authenticated office, projected exactly and accepted by the real desktop parser (187.318291ms)
✔ unknown customer net and missing authoritative limits remain null, while recorded non-invoicing usage remains visible (3.577125ms)
✔ authority and arbitrary or duplicate query fields cannot select another customer (2.390541ms)
✔ usage names only local setup gaps; upstream and transport errors stay private (1.315375ms)
✔ period defaults to Brisbane accounting month and an explicit desktop month is never relabelled (10.632958ms)
✔ malformed, partial, imprecise or different-month responses fail without fabricating figures (10.603625ms)
✔ bounded responses and failures never leak supplier diagnostics or present oversized totals as zero (5.754167ms)
✔ spend cap: exactly zero reads as not enabled, never as an A$0.00 cap (6.642416ms)
✔ spend cap: a positive cap shows the cap and any reported headroom (210.431375ms)
✔ spend cap: a missing or malformed cap is unreported, not zero (0.106833ms)
✔ billing pages read Modelvia for AI: the RealBud gateway serves only care terms and service invoices (30.396458ms)
✔ square checkout: only exact Square hosts on https, for the stated mode (8.018958ms)
✔ square checkout: the browser Pay path uses the shared allow-list, not its own (3.195792ms)
ℹ tests 78
ℹ suites 0
ℹ pass 77
ℹ fail 0
ℹ cancelled 0
ℹ skipped 1
ℹ todo 0
ℹ duration_ms 836.085917
web exit 0
